16:24:58 **** Incremental Build of configuration Debug for project TP_systeme_actionneurs ****
make -j12 all 
arm-none-eabi-gcc "../Core/Src/main.c" -mcpu=cortex-m4 -std=gnu11 -g3 -DDEBUG -DUSE_HAL_DRIVER -DSTM32G474xx -c -I../Core/Inc -I../Drivers/STM32G4xx_HAL_Driver/Inc -I../Drivers/STM32G4xx_HAL_Driver/Inc/Legacy -I../Drivers/CMSIS/Device/ST/STM32G4xx/Include -I../Drivers/CMSIS/Include -O0 -ffunction-sections -fdata-sections -Wall -fstack-usage -MMD -MP -MF"Core/Src/main.d" -MT"Core/Src/main.o" --specs=nano.specs -mfpu=fpv4-sp-d16 -mfloat-abi=hard -mthumb -o "Core/Src/main.o"
../Core/Src/main.c: In function 'main':
../Core/Src/main.c:147:3: warning: implicit declaration of function 'memset' [-Wimplicit-function-declaration]
  147 |   memset(argv,NULL,MAX_ARGS*sizeof(char*));
      |   ^~~~~~
../Core/Src/main.c:147:3: warning: incompatible implicit declaration of built-in function 'memset'
../Core/Src/main.c:24:1: note: include '<string.h>' or provide a declaration of 'memset'
   23 | #include "gpio.h"
  +++ |+#include <string.h>
   24 | 
../Core/Src/main.c:147:15: warning: passing argument 2 of 'memset' makes integer from pointer without a cast [-Wint-conversion]
  147 |   memset(argv,NULL,MAX_ARGS*sizeof(char*));
      |               ^~~~
      |               |
      |               void *
../Core/Src/main.c:147:15: note: expected 'int' but argument is of type 'void *'
../Core/Src/main.c:148:20: warning: passing argument 2 of 'memset' makes integer from pointer without a cast [-Wint-conversion]
  148 |   memset(cmdBuffer,NULL,CMD_BUFFER_SIZE*sizeof(char));
      |                    ^~~~
      |                    |
      |                    void *
../Core/Src/main.c:148:20: note: expected 'int' but argument is of type 'void *'
../Core/Src/main.c:149:23: warning: passing argument 2 of 'memset' makes integer from pointer without a cast [-Wint-conversion]
  149 |   memset(uartRxBuffer,NULL,UART_RX_BUFFER_SIZE*sizeof(char));
      |                       ^~~~
      |                       |
      |                       void *
../Core/Src/main.c:149:23: note: expected 'int' but argument is of type 'void *'
../Core/Src/main.c:150:23: warning: passing argument 2 of 'memset' makes integer from pointer without a cast [-Wint-conversion]
  150 |   memset(uartTxBuffer,NULL,UART_TX_BUFFER_SIZE*sizeof(char));
      |                       ^~~~
      |                       |
      |                       void *
../Core/Src/main.c:150:23: note: expected 'int' but argument is of type 'void *'
../Core/Src/main.c:182:13: warning: implicit declaration of function 'strtok' [-Wimplicit-function-declaration]
  182 |     token = strtok(cmdBuffer, " ");
      |             ^~~~~~
../Core/Src/main.c:182:11: warning: assignment to 'char *' from 'int' makes pointer from integer without a cast [-Wint-conversion]
  182 |     token = strtok(cmdBuffer, " ");
      |           ^
../Core/Src/main.c:185:12: warning: assignment to 'char *' from 'int' makes pointer from integer without a cast [-Wint-conversion]
  185 |      token = strtok(NULL, " ");
      |            ^
../Core/Src/main.c:211:7: warning: implicit declaration of function 'strcmp' [-Wimplicit-function-declaration]
  211 |    if(strcmp(argv[0],"help")==0){
      |       ^~~~~~
../Core/Src/main.c:212:5: warning: implicit declaration of function 'sprintf' [-Wimplicit-function-declaration]
  212 |     sprintf(uartTxBuffer,commandList);
      |     ^~~~~~~
../Core/Src/main.c:212:5: warning: incompatible implicit declaration of built-in function 'sprintf'
../Core/Src/main.c:24:1: note: include '<stdio.h>' or provide a declaration of 'sprintf'
   23 | #include "gpio.h"
  +++ |+#include <stdio.h>
   24 | 
../Core/Src/main.c:212:13: warning: pointer targets in passing argument 1 of 'sprintf' differ in signedness [-Wpointer-sign]
  212 |     sprintf(uartTxBuffer,commandList);
      |             ^~~~~~~~~~~~
      |             |
      |             uint8_t * {aka unsigned char *}
../Core/Src/main.c:212:13: note: expected 'char *' but argument is of type 'uint8_t *' {aka 'unsigned char *'}
../Core/Src/main.c:212:26: warning: pointer targets in passing argument 2 of 'sprintf' differ in signedness [-Wpointer-sign]
  212 |     sprintf(uartTxBuffer,commandList);
      |                          ^~~~~~~~~~~
      |                          |
      |                          uint8_t * {aka unsigned char *}
../Core/Src/main.c:212:26: note: expected 'const char *' but argument is of type 'uint8_t *' {aka 'unsigned char *'}
../Core/Src/main.c:217:5: warning: incompatible implicit declaration of built-in function 'sprintf'
  217 |     sprintf(uartTxBuffer,pinList);
      |     ^~~~~~~
../Core/Src/main.c:217:5: note: include '<stdio.h>' or provide a declaration of 'sprintf'
../Core/Src/main.c:217:13: warning: pointer targets in passing argument 1 of 'sprintf' differ in signedness [-Wpointer-sign]
  217 |     sprintf(uartTxBuffer,pinList);
      |             ^~~~~~~~~~~~
      |             |
      |             uint8_t * {aka unsigned char *}
../Core/Src/main.c:217:13: note: expected 'char *' but argument is of type 'uint8_t *' {aka 'unsigned char *'}
../Core/Src/main.c:217:26: warning: pointer targets in passing argument 2 of 'sprintf' differ in signedness [-Wpointer-sign]
  217 |     sprintf(uartTxBuffer,pinList);
      |                          ^~~~~~~
      |                          |
      |                          uint8_t * {aka unsigned char *}
../Core/Src/main.c:217:26: note: expected 'const char *' but argument is of type 'uint8_t *' {aka 'unsigned char *'}
../Core/Src/main.c:224:48: warning: implicit declaration of function 'atoi' [-Wimplicit-function-declaration]
  224 |      HAL_GPIO_WritePin(LED_GPIO_Port, LED_Pin, atoi(argv[2]));
      |                                                ^~~~
../Core/Src/main.c:225:6: warning: incompatible implicit declaration of built-in function 'sprintf'
  225 |      sprintf(uartTxBuffer,"Switch on/off led : %d\r\n",atoi(argv[2]));
      |      ^~~~~~~
../Core/Src/main.c:225:6: note: include '<stdio.h>' or provide a declaration of 'sprintf'
../Core/Src/main.c:225:14: warning: pointer targets in passing argument 1 of 'sprintf' differ in signedness [-Wpointer-sign]
  225 |      sprintf(uartTxBuffer,"Switch on/off led : %d\r\n",atoi(argv[2]));
      |              ^~~~~~~~~~~~
      |              |
      |              uint8_t * {aka unsigned char *}
../Core/Src/main.c:225:14: note: expected 'char *' but argument is of type 'uint8_t *' {aka 'unsigned char *'}
../Core/Src/main.c:238:5: warning: implicit declaration of function 'Hal_Delay'; did you mean 'HAL_Delay'? [-Wimplicit-function-declaration]
  238 |     Hal_Delay(60);
      |     ^~~~~~~~~
      |     HAL_Delay
../Core/Src/main.c:241:5: warning: incompatible implicit declaration of built-in function 'sprintf'
  241 |     sprintf(uartTxBuffer,"Power ON\r\n");
      |     ^~~~~~~
../Core/Src/main.c:241:5: note: include '<stdio.h>' or provide a declaration of 'sprintf'
../Core/Src/main.c:241:13: warning: pointer targets in passing argument 1 of 'sprintf' differ in signedness [-Wpointer-sign]
  241 |     sprintf(uartTxBuffer,"Power ON\r\n");
      |             ^~~~~~~~~~~~
      |             |
      |             uint8_t * {aka unsigned char *}
../Core/Src/main.c:241:13: note: expected 'char *' but argument is of type 'uint8_t *' {aka 'unsigned char *'}
../Core/Src/main.c:249:4: warning: incompatible implicit declaration of built-in function 'sprintf'
  249 |    sprintf(uartTxBuffer,"Power OFF\r\n");
      |    ^~~~~~~
../Core/Src/main.c:249:4: note: include '<stdio.h>' or provide a declaration of 'sprintf'
../Core/Src/main.c:249:12: warning: pointer targets in passing argument 1 of 'sprintf' differ in signedness [-Wpointer-sign]
  249 |    sprintf(uartTxBuffer,"Power OFF\r\n");
      |            ^~~~~~~~~~~~
      |            |
      |            uint8_t * {aka unsigned char *}
../Core/Src/main.c:249:12: note: expected 'char *' but argument is of type 'uint8_t *' {aka 'unsigned char *'}
../Core/Src/main.c:267:5: warning: incompatible implicit declaration of built-in function 'sprintf'
  267 |     sprintf(uartTxBuffer,"Setting the speed to %d\r\n",speedValue);
      |     ^~~~~~~
../Core/Src/main.c:267:5: note: include '<stdio.h>' or provide a declaration of 'sprintf'
../Core/Src/main.c:267:13: warning: pointer targets in passing argument 1 of 'sprintf' differ in signedness [-Wpointer-sign]
  267 |     sprintf(uartTxBuffer,"Setting the speed to %d\r\n",speedValue);
      |             ^~~~~~~~~~~~
      |             |
      |             uint8_t * {aka unsigned char *}
../Core/Src/main.c:267:13: note: expected 'char *' but argument is of type 'uint8_t *' {aka 'unsigned char *'}
arm-none-eabi-gcc -o "TP_systeme_actionneurs.elf" @"objects.list"   -mcpu=cortex-m4 -T"D:\Travail\ENSEA\Local_Github_rep\TP_Actionneur\TP_systeme_actionneurs\STM32G474RETX_FLASH.ld" --specs=nosys.specs -Wl,-Map="TP_systeme_actionneurs.map" -Wl,--gc-sections -static --specs=nano.specs -mfpu=fpv4-sp-d16 -mfloat-abi=hard -mthumb -Wl,--start-group -lc -lm -Wl,--end-group
d:\stm32_cubeide\stm32cubeide_1.7.0\stm32cubeide\plugins\com.st.stm32cube.ide.mcu.externaltools.gnu-tools-for-stm32.10.3-2021.10.win32_1.0.0.202111181127\tools\arm-none-eabi\bin\ld.exe: ./Core/Src/main.o: in function `main':
D:/Travail/ENSEA/Local_Github_rep/TP_Actionneur/TP_systeme_actionneurs/Debug/../Core/Src/main.c:238: undefined reference to `Hal_Delay'
collect2.exe: error: ld returned 1 exit status
make: *** [makefile:64: TP_systeme_actionneurs.elf] Error 1
"make -j12 all" terminated with exit code 2. Build might be incomplete.
16:25:20 **** Incremental Build of configuration Debug for project TP_systeme_actionneurs ****
make -j12 all 
arm-none-eabi-gcc "../Core/Src/main.c" -mcpu=cortex-m4 -std=gnu11 -g3 -DDEBUG -DUSE_HAL_DRIVER -DSTM32G474xx -c -I../Core/Inc -I../Drivers/STM32G4xx_HAL_Driver/Inc -I../Drivers/STM32G4xx_HAL_Driver/Inc/Legacy -I../Drivers/CMSIS/Device/ST/STM32G4xx/Include -I../Drivers/CMSIS/Include -O0 -ffunction-sections -fdata-sections -Wall -fstack-usage -MMD -MP -MF"Core/Src/main.d" -MT"Core/Src/main.o" --specs=nano.specs -mfpu=fpv4-sp-d16 -mfloat-abi=hard -mthumb -o "Core/Src/main.o"
../Core/Src/main.c: In function 'main':
../Core/Src/main.c:147:3: warning: implicit declaration of function 'memset' [-Wimplicit-function-declaration]
  147 |   memset(argv,NULL,MAX_ARGS*sizeof(char*));
      |   ^~~~~~
../Core/Src/main.c:147:3: warning: incompatible implicit declaration of built-in function 'memset'
../Core/Src/main.c:24:1: note: include '<string.h>' or provide a declaration of 'memset'
   23 | #include "gpio.h"
  +++ |+#include <string.h>
   24 | 
../Core/Src/main.c:147:15: warning: passing argument 2 of 'memset' makes integer from pointer without a cast [-Wint-conversion]
  147 |   memset(argv,NULL,MAX_ARGS*sizeof(char*));
      |               ^~~~
      |               |
      |               void *
../Core/Src/main.c:147:15: note: expected 'int' but argument is of type 'void *'
../Core/Src/main.c:148:20: warning: passing argument 2 of 'memset' makes integer from pointer without a cast [-Wint-conversion]
  148 |   memset(cmdBuffer,NULL,CMD_BUFFER_SIZE*sizeof(char));
      |                    ^~~~
      |                    |
      |                    void *
../Core/Src/main.c:148:20: note: expected 'int' but argument is of type 'void *'
../Core/Src/main.c:149:23: warning: passing argument 2 of 'memset' makes integer from pointer without a cast [-Wint-conversion]
  149 |   memset(uartRxBuffer,NULL,UART_RX_BUFFER_SIZE*sizeof(char));
      |                       ^~~~
      |                       |
      |                       void *
../Core/Src/main.c:149:23: note: expected 'int' but argument is of type 'void *'
../Core/Src/main.c:150:23: warning: passing argument 2 of 'memset' makes integer from pointer without a cast [-Wint-conversion]
  150 |   memset(uartTxBuffer,NULL,UART_TX_BUFFER_SIZE*sizeof(char));
      |                       ^~~~
      |                       |
      |                       void *
../Core/Src/main.c:150:23: note: expected 'int' but argument is of type 'void *'
../Core/Src/main.c:182:13: warning: implicit declaration of function 'strtok' [-Wimplicit-function-declaration]
  182 |     token = strtok(cmdBuffer, " ");
      |             ^~~~~~
../Core/Src/main.c:182:11: warning: assignment to 'char *' from 'int' makes pointer from integer without a cast [-Wint-conversion]
  182 |     token = strtok(cmdBuffer, " ");
      |           ^
../Core/Src/main.c:185:12: warning: assignment to 'char *' from 'int' makes pointer from integer without a cast [-Wint-conversion]
  185 |      token = strtok(NULL, " ");
      |            ^
../Core/Src/main.c:211:7: warning: implicit declaration of function 'strcmp' [-Wimplicit-function-declaration]
  211 |    if(strcmp(argv[0],"help")==0){
      |       ^~~~~~
../Core/Src/main.c:212:5: warning: implicit declaration of function 'sprintf' [-Wimplicit-function-declaration]
  212 |     sprintf(uartTxBuffer,commandList);
      |     ^~~~~~~
../Core/Src/main.c:212:5: warning: incompatible implicit declaration of built-in function 'sprintf'
../Core/Src/main.c:24:1: note: include '<stdio.h>' or provide a declaration of 'sprintf'
   23 | #include "gpio.h"
  +++ |+#include <stdio.h>
   24 | 
../Core/Src/main.c:212:13: warning: pointer targets in passing argument 1 of 'sprintf' differ in signedness [-Wpointer-sign]
  212 |     sprintf(uartTxBuffer,commandList);
      |             ^~~~~~~~~~~~
      |             |
      |             uint8_t * {aka unsigned char *}
../Core/Src/main.c:212:13: note: expected 'char *' but argument is of type 'uint8_t *' {aka 'unsigned char *'}
../Core/Src/main.c:212:26: warning: pointer targets in passing argument 2 of 'sprintf' differ in signedness [-Wpointer-sign]
  212 |     sprintf(uartTxBuffer,commandList);
      |                          ^~~~~~~~~~~
      |                          |
      |                          uint8_t * {aka unsigned char *}
../Core/Src/main.c:212:26: note: expected 'const char *' but argument is of type 'uint8_t *' {aka 'unsigned char *'}
../Core/Src/main.c:217:5: warning: incompatible implicit declaration of built-in function 'sprintf'
  217 |     sprintf(uartTxBuffer,pinList);
      |     ^~~~~~~
../Core/Src/main.c:217:5: note: include '<stdio.h>' or provide a declaration of 'sprintf'
../Core/Src/main.c:217:13: warning: pointer targets in passing argument 1 of 'sprintf' differ in signedness [-Wpointer-sign]
  217 |     sprintf(uartTxBuffer,pinList);
      |             ^~~~~~~~~~~~
      |             |
      |             uint8_t * {aka unsigned char *}
../Core/Src/main.c:217:13: note: expected 'char *' but argument is of type 'uint8_t *' {aka 'unsigned char *'}
../Core/Src/main.c:217:26: warning: pointer targets in passing argument 2 of 'sprintf' differ in signedness [-Wpointer-sign]
  217 |     sprintf(uartTxBuffer,pinList);
      |                          ^~~~~~~
      |                          |
      |                          uint8_t * {aka unsigned char *}
../Core/Src/main.c:217:26: note: expected 'const char *' but argument is of type 'uint8_t *' {aka 'unsigned char *'}
../Core/Src/main.c:224:48: warning: implicit declaration of function 'atoi' [-Wimplicit-function-declaration]
  224 |      HAL_GPIO_WritePin(LED_GPIO_Port, LED_Pin, atoi(argv[2]));
      |                                                ^~~~
../Core/Src/main.c:225:6: warning: incompatible implicit declaration of built-in function 'sprintf'
  225 |      sprintf(uartTxBuffer,"Switch on/off led : %d\r\n",atoi(argv[2]));
      |      ^~~~~~~
../Core/Src/main.c:225:6: note: include '<stdio.h>' or provide a declaration of 'sprintf'
../Core/Src/main.c:225:14: warning: pointer targets in passing argument 1 of 'sprintf' differ in signedness [-Wpointer-sign]
  225 |      sprintf(uartTxBuffer,"Switch on/off led : %d\r\n",atoi(argv[2]));
      |              ^~~~~~~~~~~~
      |              |
      |              uint8_t * {aka unsigned char *}
../Core/Src/main.c:225:14: note: expected 'char *' but argument is of type 'uint8_t *' {aka 'unsigned char *'}
../Core/Src/main.c:241:5: warning: incompatible implicit declaration of built-in function 'sprintf'
  241 |     sprintf(uartTxBuffer,"Power ON\r\n");
      |     ^~~~~~~
../Core/Src/main.c:241:5: note: include '<stdio.h>' or provide a declaration of 'sprintf'
../Core/Src/main.c:241:13: warning: pointer targets in passing argument 1 of 'sprintf' differ in signedness [-Wpointer-sign]
  241 |     sprintf(uartTxBuffer,"Power ON\r\n");
      |             ^~~~~~~~~~~~
      |             |
      |             uint8_t * {aka unsigned char *}
../Core/Src/main.c:241:13: note: expected 'char *' but argument is of type 'uint8_t *' {aka 'unsigned char *'}
../Core/Src/main.c:249:4: warning: incompatible implicit declaration of built-in function 'sprintf'
  249 |    sprintf(uartTxBuffer,"Power OFF\r\n");
      |    ^~~~~~~
../Core/Src/main.c:249:4: note: include '<stdio.h>' or provide a declaration of 'sprintf'
../Core/Src/main.c:249:12: warning: pointer targets in passing argument 1 of 'sprintf' differ in signedness [-Wpointer-sign]
  249 |    sprintf(uartTxBuffer,"Power OFF\r\n");
      |            ^~~~~~~~~~~~
      |            |
      |            uint8_t * {aka unsigned char *}
../Core/Src/main.c:249:12: note: expected 'char *' but argument is of type 'uint8_t *' {aka 'unsigned char *'}
../Core/Src/main.c:267:5: warning: incompatible implicit declaration of built-in function 'sprintf'
  267 |     sprintf(uartTxBuffer,"Setting the speed to %d\r\n",speedValue);
      |     ^~~~~~~
../Core/Src/main.c:267:5: note: include '<stdio.h>' or provide a declaration of 'sprintf'
../Core/Src/main.c:267:13: warning: pointer targets in passing argument 1 of 'sprintf' differ in signedness [-Wpointer-sign]
  267 |     sprintf(uartTxBuffer,"Setting the speed to %d\r\n",speedValue);
      |             ^~~~~~~~~~~~
      |             |
      |             uint8_t * {aka unsigned char *}
../Core/Src/main.c:267:13: note: expected 'char *' but argument is of type 'uint8_t *' {aka 'unsigned char *'}
arm-none-eabi-gcc -o "TP_systeme_actionneurs.elf" @"objects.list"   -mcpu=cortex-m4 -T"D:\Travail\ENSEA\Local_Github_rep\TP_Actionneur\TP_systeme_actionneurs\STM32G474RETX_FLASH.ld" --specs=nosys.specs -Wl,-Map="TP_systeme_actionneurs.map" -Wl,--gc-sections -static --specs=nano.specs -mfpu=fpv4-sp-d16 -mfloat-abi=hard -mthumb -Wl,--start-group -lc -lm -Wl,--end-group
Finished building target: TP_systeme_actionneurs.elf
 
arm-none-eabi-size   TP_systeme_actionneurs.elf 
arm-none-eabi-objdump -h -S  TP_systeme_actionneurs.elf  > "TP_systeme_actionneurs.list"
   text	   data	    bss	    dec	    hex	filename
  31208	    540	   2020	  33768	   83e8	TP_systeme_actionneurs.elf
Finished building: default.size.stdout
 
Finished building: TP_systeme_actionneurs.list
 
16:27:31 **** Incremental Build of configuration Debug for project TP_systeme_actionneurs ****
make -j12 all 
arm-none-eabi-gcc "../Core/Src/main.c" -mcpu=cortex-m4 -std=gnu11 -g3 -DDEBUG -DUSE_HAL_DRIVER -DSTM32G474xx -c -I../Core/Inc -I../Drivers/STM32G4xx_HAL_Driver/Inc -I../Drivers/STM32G4xx_HAL_Driver/Inc/Legacy -I../Drivers/CMSIS/Device/ST/STM32G4xx/Include -I../Drivers/CMSIS/Include -O0 -ffunction-sections -fdata-sections -Wall -fstack-usage -MMD -MP -MF"Core/Src/main.d" -MT"Core/Src/main.o" --specs=nano.specs -mfpu=fpv4-sp-d16 -mfloat-abi=hard -mthumb -o "Core/Src/main.o"
../Core/Src/main.c: In function 'main':
../Core/Src/main.c:147:3: warning: implicit declaration of function 'memset' [-Wimplicit-function-declaration]
  147 |   memset(argv,NULL,MAX_ARGS*sizeof(char*));
      |   ^~~~~~
../Core/Src/main.c:147:3: warning: incompatible implicit declaration of built-in function 'memset'
../Core/Src/main.c:24:1: note: include '<string.h>' or provide a declaration of 'memset'
   23 | #include "gpio.h"
  +++ |+#include <string.h>
   24 | 
../Core/Src/main.c:147:15: warning: passing argument 2 of 'memset' makes integer from pointer without a cast [-Wint-conversion]
  147 |   memset(argv,NULL,MAX_ARGS*sizeof(char*));
      |               ^~~~
      |               |
      |               void *
../Core/Src/main.c:147:15: note: expected 'int' but argument is of type 'void *'
../Core/Src/main.c:148:20: warning: passing argument 2 of 'memset' makes integer from pointer without a cast [-Wint-conversion]
  148 |   memset(cmdBuffer,NULL,CMD_BUFFER_SIZE*sizeof(char));
      |                    ^~~~
      |                    |
      |                    void *
../Core/Src/main.c:148:20: note: expected 'int' but argument is of type 'void *'
../Core/Src/main.c:149:23: warning: passing argument 2 of 'memset' makes integer from pointer without a cast [-Wint-conversion]
  149 |   memset(uartRxBuffer,NULL,UART_RX_BUFFER_SIZE*sizeof(char));
      |                       ^~~~
      |                       |
      |                       void *
../Core/Src/main.c:149:23: note: expected 'int' but argument is of type 'void *'
../Core/Src/main.c:150:23: warning: passing argument 2 of 'memset' makes integer from pointer without a cast [-Wint-conversion]
  150 |   memset(uartTxBuffer,NULL,UART_TX_BUFFER_SIZE*sizeof(char));
      |                       ^~~~
      |                       |
      |                       void *
../Core/Src/main.c:150:23: note: expected 'int' but argument is of type 'void *'
../Core/Src/main.c:182:13: warning: implicit declaration of function 'strtok' [-Wimplicit-function-declaration]
  182 |     token = strtok(cmdBuffer, " ");
      |             ^~~~~~
../Core/Src/main.c:182:11: warning: assignment to 'char *' from 'int' makes pointer from integer without a cast [-Wint-conversion]
  182 |     token = strtok(cmdBuffer, " ");
      |           ^
../Core/Src/main.c:185:12: warning: assignment to 'char *' from 'int' makes pointer from integer without a cast [-Wint-conversion]
  185 |      token = strtok(NULL, " ");
      |            ^
../Core/Src/main.c:211:7: warning: implicit declaration of function 'strcmp' [-Wimplicit-function-declaration]
  211 |    if(strcmp(argv[0],"help")==0){
      |       ^~~~~~
../Core/Src/main.c:212:5: warning: implicit declaration of function 'sprintf' [-Wimplicit-function-declaration]
  212 |     sprintf(uartTxBuffer,commandList);
      |     ^~~~~~~
../Core/Src/main.c:212:5: warning: incompatible implicit declaration of built-in function 'sprintf'
../Core/Src/main.c:24:1: note: include '<stdio.h>' or provide a declaration of 'sprintf'
   23 | #include "gpio.h"
  +++ |+#include <stdio.h>
   24 | 
../Core/Src/main.c:212:13: warning: pointer targets in passing argument 1 of 'sprintf' differ in signedness [-Wpointer-sign]
  212 |     sprintf(uartTxBuffer,commandList);
      |             ^~~~~~~~~~~~
      |             |
      |             uint8_t * {aka unsigned char *}
../Core/Src/main.c:212:13: note: expected 'char *' but argument is of type 'uint8_t *' {aka 'unsigned char *'}
../Core/Src/main.c:212:26: warning: pointer targets in passing argument 2 of 'sprintf' differ in signedness [-Wpointer-sign]
  212 |     sprintf(uartTxBuffer,commandList);
      |                          ^~~~~~~~~~~
      |                          |
      |                          uint8_t * {aka unsigned char *}
../Core/Src/main.c:212:26: note: expected 'const char *' but argument is of type 'uint8_t *' {aka 'unsigned char *'}
../Core/Src/main.c:217:5: warning: incompatible implicit declaration of built-in function 'sprintf'
  217 |     sprintf(uartTxBuffer,pinList);
      |     ^~~~~~~
../Core/Src/main.c:217:5: note: include '<stdio.h>' or provide a declaration of 'sprintf'
../Core/Src/main.c:217:13: warning: pointer targets in passing argument 1 of 'sprintf' differ in signedness [-Wpointer-sign]
  217 |     sprintf(uartTxBuffer,pinList);
      |             ^~~~~~~~~~~~
      |             |
      |             uint8_t * {aka unsigned char *}
../Core/Src/main.c:217:13: note: expected 'char *' but argument is of type 'uint8_t *' {aka 'unsigned char *'}
../Core/Src/main.c:217:26: warning: pointer targets in passing argument 2 of 'sprintf' differ in signedness [-Wpointer-sign]
  217 |     sprintf(uartTxBuffer,pinList);
      |                          ^~~~~~~
      |                          |
      |                          uint8_t * {aka unsigned char *}
../Core/Src/main.c:217:26: note: expected 'const char *' but argument is of type 'uint8_t *' {aka 'unsigned char *'}
../Core/Src/main.c:224:48: warning: implicit declaration of function 'atoi' [-Wimplicit-function-declaration]
  224 |      HAL_GPIO_WritePin(LED_GPIO_Port, LED_Pin, atoi(argv[2]));
      |                                                ^~~~
../Core/Src/main.c:225:6: warning: incompatible implicit declaration of built-in function 'sprintf'
  225 |      sprintf(uartTxBuffer,"Switch on/off led : %d\r\n",atoi(argv[2]));
      |      ^~~~~~~
../Core/Src/main.c:225:6: note: include '<stdio.h>' or provide a declaration of 'sprintf'
../Core/Src/main.c:225:14: warning: pointer targets in passing argument 1 of 'sprintf' differ in signedness [-Wpointer-sign]
  225 |      sprintf(uartTxBuffer,"Switch on/off led : %d\r\n",atoi(argv[2]));
      |              ^~~~~~~~~~~~
      |              |
      |              uint8_t * {aka unsigned char *}
../Core/Src/main.c:225:14: note: expected 'char *' but argument is of type 'uint8_t *' {aka 'unsigned char *'}
../Core/Src/main.c:241:5: warning: incompatible implicit declaration of built-in function 'sprintf'
  241 |     sprintf(uartTxBuffer,"Power ON\r\n");
      |     ^~~~~~~
../Core/Src/main.c:241:5: note: include '<stdio.h>' or provide a declaration of 'sprintf'
../Core/Src/main.c:241:13: warning: pointer targets in passing argument 1 of 'sprintf' differ in signedness [-Wpointer-sign]
  241 |     sprintf(uartTxBuffer,"Power ON\r\n");
      |             ^~~~~~~~~~~~
      |             |
      |             uint8_t * {aka unsigned char *}
../Core/Src/main.c:241:13: note: expected 'char *' but argument is of type 'uint8_t *' {aka 'unsigned char *'}
../Core/Src/main.c:249:4: warning: incompatible implicit declaration of built-in function 'sprintf'
  249 |    sprintf(uartTxBuffer,"Power OFF\r\n");
      |    ^~~~~~~
../Core/Src/main.c:249:4: note: include '<stdio.h>' or provide a declaration of 'sprintf'
../Core/Src/main.c:249:12: warning: pointer targets in passing argument 1 of 'sprintf' differ in signedness [-Wpointer-sign]
  249 |    sprintf(uartTxBuffer,"Power OFF\r\n");
      |            ^~~~~~~~~~~~
      |            |
      |            uint8_t * {aka unsigned char *}
../Core/Src/main.c:249:12: note: expected 'char *' but argument is of type 'uint8_t *' {aka 'unsigned char *'}
../Core/Src/main.c:267:5: warning: incompatible implicit declaration of built-in function 'sprintf'
  267 |     sprintf(uartTxBuffer,"Setting the speed to %d\r\n",speedValue);
      |     ^~~~~~~
../Core/Src/main.c:267:5: note: include '<stdio.h>' or provide a declaration of 'sprintf'
../Core/Src/main.c:267:13: warning: pointer targets in passing argument 1 of 'sprintf' differ in signedness [-Wpointer-sign]
  267 |     sprintf(uartTxBuffer,"Setting the speed to %d\r\n",speedValue);
      |             ^~~~~~~~~~~~
      |             |
      |             uint8_t * {aka unsigned char *}
../Core/Src/main.c:267:13: note: expected 'char *' but argument is of type 'uint8_t *' {aka 'unsigned char *'}
arm-none-eabi-gcc -o "TP_systeme_actionneurs.elf" @"objects.list"   -mcpu=cortex-m4 -T"D:\Travail\ENSEA\Local_Github_rep\TP_Actionneur\TP_systeme_actionneurs\STM32G474RETX_FLASH.ld" --specs=nosys.specs -Wl,-Map="TP_systeme_actionneurs.map" -Wl,--gc-sections -static --specs=nano.specs -mfpu=fpv4-sp-d16 -mfloat-abi=hard -mthumb -Wl,--start-group -lc -lm -Wl,--end-group
Finished building target: TP_systeme_actionneurs.elf
 
arm-none-eabi-size   TP_systeme_actionneurs.elf 
arm-none-eabi-objdump -h -S  TP_systeme_actionneurs.elf  > "TP_systeme_actionneurs.list"
   text	   data	    bss	    dec	    hex	filename
  31208	    540	   2020	  33768	   83e8	TP_systeme_actionneurs.elf
Finished building: default.size.stdout
 
Finished building: TP_systeme_actionneurs.list
 
16:27:42 **** Incremental Build of configuration Debug for project TP_systeme_actionneurs ****
make -j12 all 
arm-none-eabi-gcc "../Core/Src/main.c" -mcpu=cortex-m4 -std=gnu11 -g3 -DDEBUG -DUSE_HAL_DRIVER -DSTM32G474xx -c -I../Core/Inc -I../Drivers/STM32G4xx_HAL_Driver/Inc -I../Drivers/STM32G4xx_HAL_Driver/Inc/Legacy -I../Drivers/CMSIS/Device/ST/STM32G4xx/Include -I../Drivers/CMSIS/Include -O0 -ffunction-sections -fdata-sections -Wall -fstack-usage -MMD -MP -MF"Core/Src/main.d" -MT"Core/Src/main.o" --specs=nano.specs -mfpu=fpv4-sp-d16 -mfloat-abi=hard -mthumb -o "Core/Src/main.o"
../Core/Src/main.c: In function 'main':
../Core/Src/main.c:147:3: warning: implicit declaration of function 'memset' [-Wimplicit-function-declaration]
  147 |   memset(argv,NULL,MAX_ARGS*sizeof(char*));
      |   ^~~~~~
../Core/Src/main.c:147:3: warning: incompatible implicit declaration of built-in function 'memset'
../Core/Src/main.c:24:1: note: include '<string.h>' or provide a declaration of 'memset'
   23 | #include "gpio.h"
  +++ |+#include <string.h>
   24 | 
../Core/Src/main.c:147:15: warning: passing argument 2 of 'memset' makes integer from pointer without a cast [-Wint-conversion]
  147 |   memset(argv,NULL,MAX_ARGS*sizeof(char*));
      |               ^~~~
      |               |
      |               void *
../Core/Src/main.c:147:15: note: expected 'int' but argument is of type 'void *'
../Core/Src/main.c:148:20: warning: passing argument 2 of 'memset' makes integer from pointer without a cast [-Wint-conversion]
  148 |   memset(cmdBuffer,NULL,CMD_BUFFER_SIZE*sizeof(char));
      |                    ^~~~
      |                    |
      |                    void *
../Core/Src/main.c:148:20: note: expected 'int' but argument is of type 'void *'
../Core/Src/main.c:149:23: warning: passing argument 2 of 'memset' makes integer from pointer without a cast [-Wint-conversion]
  149 |   memset(uartRxBuffer,NULL,UART_RX_BUFFER_SIZE*sizeof(char));
      |                       ^~~~
      |                       |
      |                       void *
../Core/Src/main.c:149:23: note: expected 'int' but argument is of type 'void *'
../Core/Src/main.c:150:23: warning: passing argument 2 of 'memset' makes integer from pointer without a cast [-Wint-conversion]
  150 |   memset(uartTxBuffer,NULL,UART_TX_BUFFER_SIZE*sizeof(char));
      |                       ^~~~
      |                       |
      |                       void *
../Core/Src/main.c:150:23: note: expected 'int' but argument is of type 'void *'
../Core/Src/main.c:182:13: warning: implicit declaration of function 'strtok' [-Wimplicit-function-declaration]
  182 |     token = strtok(cmdBuffer, " ");
      |             ^~~~~~
../Core/Src/main.c:182:11: warning: assignment to 'char *' from 'int' makes pointer from integer without a cast [-Wint-conversion]
  182 |     token = strtok(cmdBuffer, " ");
      |           ^
../Core/Src/main.c:185:12: warning: assignment to 'char *' from 'int' makes pointer from integer without a cast [-Wint-conversion]
  185 |      token = strtok(NULL, " ");
      |            ^
../Core/Src/main.c:211:7: warning: implicit declaration of function 'strcmp' [-Wimplicit-function-declaration]
  211 |    if(strcmp(argv[0],"help")==0){
      |       ^~~~~~
../Core/Src/main.c:212:5: warning: implicit declaration of function 'sprintf' [-Wimplicit-function-declaration]
  212 |     sprintf(uartTxBuffer,commandList);
      |     ^~~~~~~
../Core/Src/main.c:212:5: warning: incompatible implicit declaration of built-in function 'sprintf'
../Core/Src/main.c:24:1: note: include '<stdio.h>' or provide a declaration of 'sprintf'
   23 | #include "gpio.h"
  +++ |+#include <stdio.h>
   24 | 
../Core/Src/main.c:212:13: warning: pointer targets in passing argument 1 of 'sprintf' differ in signedness [-Wpointer-sign]
  212 |     sprintf(uartTxBuffer,commandList);
      |             ^~~~~~~~~~~~
      |             |
      |             uint8_t * {aka unsigned char *}
../Core/Src/main.c:212:13: note: expected 'char *' but argument is of type 'uint8_t *' {aka 'unsigned char *'}
../Core/Src/main.c:212:26: warning: pointer targets in passing argument 2 of 'sprintf' differ in signedness [-Wpointer-sign]
  212 |     sprintf(uartTxBuffer,commandList);
      |                          ^~~~~~~~~~~
      |                          |
      |                          uint8_t * {aka unsigned char *}
../Core/Src/main.c:212:26: note: expected 'const char *' but argument is of type 'uint8_t *' {aka 'unsigned char *'}
../Core/Src/main.c:217:5: warning: incompatible implicit declaration of built-in function 'sprintf'
  217 |     sprintf(uartTxBuffer,pinList);
      |     ^~~~~~~
../Core/Src/main.c:217:5: note: include '<stdio.h>' or provide a declaration of 'sprintf'
../Core/Src/main.c:217:13: warning: pointer targets in passing argument 1 of 'sprintf' differ in signedness [-Wpointer-sign]
  217 |     sprintf(uartTxBuffer,pinList);
      |             ^~~~~~~~~~~~
      |             |
      |             uint8_t * {aka unsigned char *}
../Core/Src/main.c:217:13: note: expected 'char *' but argument is of type 'uint8_t *' {aka 'unsigned char *'}
../Core/Src/main.c:217:26: warning: pointer targets in passing argument 2 of 'sprintf' differ in signedness [-Wpointer-sign]
  217 |     sprintf(uartTxBuffer,pinList);
      |                          ^~~~~~~
      |                          |
      |                          uint8_t * {aka unsigned char *}
../Core/Src/main.c:217:26: note: expected 'const char *' but argument is of type 'uint8_t *' {aka 'unsigned char *'}
../Core/Src/main.c:224:48: warning: implicit declaration of function 'atoi' [-Wimplicit-function-declaration]
  224 |      HAL_GPIO_WritePin(LED_GPIO_Port, LED_Pin, atoi(argv[2]));
      |                                                ^~~~
../Core/Src/main.c:225:6: warning: incompatible implicit declaration of built-in function 'sprintf'
  225 |      sprintf(uartTxBuffer,"Switch on/off led : %d\r\n",atoi(argv[2]));
      |      ^~~~~~~
../Core/Src/main.c:225:6: note: include '<stdio.h>' or provide a declaration of 'sprintf'
../Core/Src/main.c:225:14: warning: pointer targets in passing argument 1 of 'sprintf' differ in signedness [-Wpointer-sign]
  225 |      sprintf(uartTxBuffer,"Switch on/off led : %d\r\n",atoi(argv[2]));
      |              ^~~~~~~~~~~~
      |              |
      |              uint8_t * {aka unsigned char *}
../Core/Src/main.c:225:14: note: expected 'char *' but argument is of type 'uint8_t *' {aka 'unsigned char *'}
../Core/Src/main.c:241:5: warning: incompatible implicit declaration of built-in function 'sprintf'
  241 |     sprintf(uartTxBuffer,"Power ON\r\n");
      |     ^~~~~~~
../Core/Src/main.c:241:5: note: include '<stdio.h>' or provide a declaration of 'sprintf'
../Core/Src/main.c:241:13: warning: pointer targets in passing argument 1 of 'sprintf' differ in signedness [-Wpointer-sign]
  241 |     sprintf(uartTxBuffer,"Power ON\r\n");
      |             ^~~~~~~~~~~~
      |             |
      |             uint8_t * {aka unsigned char *}
../Core/Src/main.c:241:13: note: expected 'char *' but argument is of type 'uint8_t *' {aka 'unsigned char *'}
../Core/Src/main.c:249:4: warning: incompatible implicit declaration of built-in function 'sprintf'
  249 |    sprintf(uartTxBuffer,"Power OFF\r\n");
      |    ^~~~~~~
../Core/Src/main.c:249:4: note: include '<stdio.h>' or provide a declaration of 'sprintf'
../Core/Src/main.c:249:12: warning: pointer targets in passing argument 1 of 'sprintf' differ in signedness [-Wpointer-sign]
  249 |    sprintf(uartTxBuffer,"Power OFF\r\n");
      |            ^~~~~~~~~~~~
      |            |
      |            uint8_t * {aka unsigned char *}
../Core/Src/main.c:249:12: note: expected 'char *' but argument is of type 'uint8_t *' {aka 'unsigned char *'}
../Core/Src/main.c:267:5: warning: incompatible implicit declaration of built-in function 'sprintf'
  267 |     sprintf(uartTxBuffer,"Setting the speed to %d\r\n",speedValue);
      |     ^~~~~~~
../Core/Src/main.c:267:5: note: include '<stdio.h>' or provide a declaration of 'sprintf'
../Core/Src/main.c:267:13: warning: pointer targets in passing argument 1 of 'sprintf' differ in signedness [-Wpointer-sign]
  267 |     sprintf(uartTxBuffer,"Setting the speed to %d\r\n",speedValue);
      |             ^~~~~~~~~~~~
      |             |
      |             uint8_t * {aka unsigned char *}
../Core/Src/main.c:267:13: note: expected 'char *' but argument is of type 'uint8_t *' {aka 'unsigned char *'}
arm-none-eabi-gcc -o "TP_systeme_actionneurs.elf" @"objects.list"   -mcpu=cortex-m4 -T"D:\Travail\ENSEA\Local_Github_rep\TP_Actionneur\TP_systeme_actionneurs\STM32G474RETX_FLASH.ld" --specs=nosys.specs -Wl,-Map="TP_systeme_actionneurs.map" -Wl,--gc-sections -static --specs=nano.specs -mfpu=fpv4-sp-d16 -mfloat-abi=hard -mthumb -Wl,--start-group -lc -lm -Wl,--end-group
Finished building target: TP_systeme_actionneurs.elf
 
arm-none-eabi-size   TP_systeme_actionneurs.elf 
arm-none-eabi-objdump -h -S  TP_systeme_actionneurs.elf  > "TP_systeme_actionneurs.list"
   text	   data	    bss	    dec	    hex	filename
  31212	    540	   2020	  33772	   83ec	TP_systeme_actionneurs.elf
Finished building: default.size.stdout
 
Finished building: TP_systeme_actionneurs.list
 
16:27:49 **** Incremental Build of configuration Debug for project TP_systeme_actionneurs ****
make -j12 all 
arm-none-eabi-size   TP_systeme_actionneurs.elf 
   text	   data	    bss	    dec	    hex	filename
  31212	    540	   2020	  33772	   83ec	TP_systeme_actionneurs.elf
Finished building: default.size.stdout
 
16:31:19 **** Incremental Build of configuration Debug for project TP_systeme_actionneurs ****
make -j12 all 
arm-none-eabi-gcc "../Core/Src/main.c" -mcpu=cortex-m4 -std=gnu11 -g3 -DDEBUG -DUSE_HAL_DRIVER -DSTM32G474xx -c -I../Core/Inc -I../Drivers/STM32G4xx_HAL_Driver/Inc -I../Drivers/STM32G4xx_HAL_Driver/Inc/Legacy -I../Drivers/CMSIS/Device/ST/STM32G4xx/Include -I../Drivers/CMSIS/Include -O0 -ffunction-sections -fdata-sections -Wall -fstack-usage -MMD -MP -MF"Core/Src/main.d" -MT"Core/Src/main.o" --specs=nano.specs -mfpu=fpv4-sp-d16 -mfloat-abi=hard -mthumb -o "Core/Src/main.o"
../Core/Src/main.c: In function 'main':
../Core/Src/main.c:147:3: warning: implicit declaration of function 'memset' [-Wimplicit-function-declaration]
  147 |   memset(argv,NULL,MAX_ARGS*sizeof(char*));
      |   ^~~~~~
../Core/Src/main.c:147:3: warning: incompatible implicit declaration of built-in function 'memset'
../Core/Src/main.c:24:1: note: include '<string.h>' or provide a declaration of 'memset'
   23 | #include "gpio.h"
  +++ |+#include <string.h>
   24 | 
../Core/Src/main.c:147:15: warning: passing argument 2 of 'memset' makes integer from pointer without a cast [-Wint-conversion]
  147 |   memset(argv,NULL,MAX_ARGS*sizeof(char*));
      |               ^~~~
      |               |
      |               void *
../Core/Src/main.c:147:15: note: expected 'int' but argument is of type 'void *'
../Core/Src/main.c:148:20: warning: passing argument 2 of 'memset' makes integer from pointer without a cast [-Wint-conversion]
  148 |   memset(cmdBuffer,NULL,CMD_BUFFER_SIZE*sizeof(char));
      |                    ^~~~
      |                    |
      |                    void *
../Core/Src/main.c:148:20: note: expected 'int' but argument is of type 'void *'
../Core/Src/main.c:149:23: warning: passing argument 2 of 'memset' makes integer from pointer without a cast [-Wint-conversion]
  149 |   memset(uartRxBuffer,NULL,UART_RX_BUFFER_SIZE*sizeof(char));
      |                       ^~~~
      |                       |
      |                       void *
../Core/Src/main.c:149:23: note: expected 'int' but argument is of type 'void *'
../Core/Src/main.c:150:23: warning: passing argument 2 of 'memset' makes integer from pointer without a cast [-Wint-conversion]
  150 |   memset(uartTxBuffer,NULL,UART_TX_BUFFER_SIZE*sizeof(char));
      |                       ^~~~
      |                       |
      |                       void *
../Core/Src/main.c:150:23: note: expected 'int' but argument is of type 'void *'
../Core/Src/main.c:182:13: warning: implicit declaration of function 'strtok' [-Wimplicit-function-declaration]
  182 |     token = strtok(cmdBuffer, " ");
      |             ^~~~~~
../Core/Src/main.c:182:11: warning: assignment to 'char *' from 'int' makes pointer from integer without a cast [-Wint-conversion]
  182 |     token = strtok(cmdBuffer, " ");
      |           ^
../Core/Src/main.c:185:12: warning: assignment to 'char *' from 'int' makes pointer from integer without a cast [-Wint-conversion]
  185 |      token = strtok(NULL, " ");
      |            ^
../Core/Src/main.c:211:7: warning: implicit declaration of function 'strcmp' [-Wimplicit-function-declaration]
  211 |    if(strcmp(argv[0],"help")==0){
      |       ^~~~~~
../Core/Src/main.c:212:5: warning: implicit declaration of function 'sprintf' [-Wimplicit-function-declaration]
  212 |     sprintf(uartTxBuffer,commandList);
      |     ^~~~~~~
../Core/Src/main.c:212:5: warning: incompatible implicit declaration of built-in function 'sprintf'
../Core/Src/main.c:24:1: note: include '<stdio.h>' or provide a declaration of 'sprintf'
   23 | #include "gpio.h"
  +++ |+#include <stdio.h>
   24 | 
../Core/Src/main.c:212:13: warning: pointer targets in passing argument 1 of 'sprintf' differ in signedness [-Wpointer-sign]
  212 |     sprintf(uartTxBuffer,commandList);
      |             ^~~~~~~~~~~~
      |             |
      |             uint8_t * {aka unsigned char *}
../Core/Src/main.c:212:13: note: expected 'char *' but argument is of type 'uint8_t *' {aka 'unsigned char *'}
../Core/Src/main.c:212:26: warning: pointer targets in passing argument 2 of 'sprintf' differ in signedness [-Wpointer-sign]
  212 |     sprintf(uartTxBuffer,commandList);
      |                          ^~~~~~~~~~~
      |                          |
      |                          uint8_t * {aka unsigned char *}
../Core/Src/main.c:212:26: note: expected 'const char *' but argument is of type 'uint8_t *' {aka 'unsigned char *'}
../Core/Src/main.c:217:5: warning: incompatible implicit declaration of built-in function 'sprintf'
  217 |     sprintf(uartTxBuffer,pinList);
      |     ^~~~~~~
../Core/Src/main.c:217:5: note: include '<stdio.h>' or provide a declaration of 'sprintf'
../Core/Src/main.c:217:13: warning: pointer targets in passing argument 1 of 'sprintf' differ in signedness [-Wpointer-sign]
  217 |     sprintf(uartTxBuffer,pinList);
      |             ^~~~~~~~~~~~
      |             |
      |             uint8_t * {aka unsigned char *}
../Core/Src/main.c:217:13: note: expected 'char *' but argument is of type 'uint8_t *' {aka 'unsigned char *'}
../Core/Src/main.c:217:26: warning: pointer targets in passing argument 2 of 'sprintf' differ in signedness [-Wpointer-sign]
  217 |     sprintf(uartTxBuffer,pinList);
      |                          ^~~~~~~
      |                          |
      |                          uint8_t * {aka unsigned char *}
../Core/Src/main.c:217:26: note: expected 'const char *' but argument is of type 'uint8_t *' {aka 'unsigned char *'}
../Core/Src/main.c:224:48: warning: implicit declaration of function 'atoi' [-Wimplicit-function-declaration]
  224 |      HAL_GPIO_WritePin(LED_GPIO_Port, LED_Pin, atoi(argv[2]));
      |                                                ^~~~
../Core/Src/main.c:225:6: warning: incompatible implicit declaration of built-in function 'sprintf'
  225 |      sprintf(uartTxBuffer,"Switch on/off led : %d\r\n",atoi(argv[2]));
      |      ^~~~~~~
../Core/Src/main.c:225:6: note: include '<stdio.h>' or provide a declaration of 'sprintf'
../Core/Src/main.c:225:14: warning: pointer targets in passing argument 1 of 'sprintf' differ in signedness [-Wpointer-sign]
  225 |      sprintf(uartTxBuffer,"Switch on/off led : %d\r\n",atoi(argv[2]));
      |              ^~~~~~~~~~~~
      |              |
      |              uint8_t * {aka unsigned char *}
../Core/Src/main.c:225:14: note: expected 'char *' but argument is of type 'uint8_t *' {aka 'unsigned char *'}
../Core/Src/main.c:241:5: warning: incompatible implicit declaration of built-in function 'sprintf'
  241 |     sprintf(uartTxBuffer,"Power ON\r\n");
      |     ^~~~~~~
../Core/Src/main.c:241:5: note: include '<stdio.h>' or provide a declaration of 'sprintf'
../Core/Src/main.c:241:13: warning: pointer targets in passing argument 1 of 'sprintf' differ in signedness [-Wpointer-sign]
  241 |     sprintf(uartTxBuffer,"Power ON\r\n");
      |             ^~~~~~~~~~~~
      |             |
      |             uint8_t * {aka unsigned char *}
../Core/Src/main.c:241:13: note: expected 'char *' but argument is of type 'uint8_t *' {aka 'unsigned char *'}
../Core/Src/main.c:249:4: warning: incompatible implicit declaration of built-in function 'sprintf'
  249 |    sprintf(uartTxBuffer,"Power OFF\r\n");
      |    ^~~~~~~
../Core/Src/main.c:249:4: note: include '<stdio.h>' or provide a declaration of 'sprintf'
../Core/Src/main.c:249:12: warning: pointer targets in passing argument 1 of 'sprintf' differ in signedness [-Wpointer-sign]
  249 |    sprintf(uartTxBuffer,"Power OFF\r\n");
      |            ^~~~~~~~~~~~
      |            |
      |            uint8_t * {aka unsigned char *}
../Core/Src/main.c:249:12: note: expected 'char *' but argument is of type 'uint8_t *' {aka 'unsigned char *'}
../Core/Src/main.c:267:5: warning: incompatible implicit declaration of built-in function 'sprintf'
  267 |     sprintf(uartTxBuffer,"Setting the speed to %d\r\n",speedValue);
      |     ^~~~~~~
../Core/Src/main.c:267:5: note: include '<stdio.h>' or provide a declaration of 'sprintf'
../Core/Src/main.c:267:13: warning: pointer targets in passing argument 1 of 'sprintf' differ in signedness [-Wpointer-sign]
  267 |     sprintf(uartTxBuffer,"Setting the speed to %d\r\n",speedValue);
      |             ^~~~~~~~~~~~
      |             |
      |             uint8_t * {aka unsigned char *}
../Core/Src/main.c:267:13: note: expected 'char *' but argument is of type 'uint8_t *' {aka 'unsigned char *'}
arm-none-eabi-gcc -o "TP_systeme_actionneurs.elf" @"objects.list"   -mcpu=cortex-m4 -T"D:\Travail\ENSEA\Local_Github_rep\TP_Actionneur\TP_systeme_actionneurs\STM32G474RETX_FLASH.ld" --specs=nosys.specs -Wl,-Map="TP_systeme_actionneurs.map" -Wl,--gc-sections -static --specs=nano.specs -mfpu=fpv4-sp-d16 -mfloat-abi=hard -mthumb -Wl,--start-group -lc -lm -Wl,--end-group
Finished building target: TP_systeme_actionneurs.elf
 
arm-none-eabi-size   TP_systeme_actionneurs.elf 
arm-none-eabi-objdump -h -S  TP_systeme_actionneurs.elf  > "TP_systeme_actionneurs.list"
   text	   data	    bss	    dec	    hex	filename
  31216	    540	   2020	  33776	   83f0	TP_systeme_actionneurs.elf
Finished building: default.size.stdout
 
Finished building: TP_systeme_actionneurs.list
 
16:34:25 **** Incremental Build of configuration Debug for project TP_systeme_actionneurs ****
make -j12 all 
arm-none-eabi-gcc "../Core/Src/main.c" -mcpu=cortex-m4 -std=gnu11 -g3 -DDEBUG -DUSE_HAL_DRIVER -DSTM32G474xx -c -I../Core/Inc -I../Drivers/STM32G4xx_HAL_Driver/Inc -I../Drivers/STM32G4xx_HAL_Driver/Inc/Legacy -I../Drivers/CMSIS/Device/ST/STM32G4xx/Include -I../Drivers/CMSIS/Include -O0 -ffunction-sections -fdata-sections -Wall -fstack-usage -MMD -MP -MF"Core/Src/main.d" -MT"Core/Src/main.o" --specs=nano.specs -mfpu=fpv4-sp-d16 -mfloat-abi=hard -mthumb -o "Core/Src/main.o"
../Core/Src/main.c:79:3: error: expected identifier or '(' before string constant
   79 |   "\r\nPC13:  Button"
      |   ^~~~~~~~~~~~~~~~~~~
../Core/Src/main.c:84:3: error: expected identifier or '(' before string constant
   84 |   "\r\nPA3:  USART_RX"
      |   ^~~~~~~~~~~~~~~~~~~~
../Core/Src/main.c: In function 'main':
../Core/Src/main.c:138:3: warning: implicit declaration of function 'SystemClock_Config'; did you mean 'SysTick_Config'? [-Wimplicit-function-declaration]
  138 |   SystemClock_Config();
      |   ^~~~~~~~~~~~~~~~~~
      |   SysTick_Config
../Core/Src/main.c:154:3: warning: implicit declaration of function 'memset' [-Wimplicit-function-declaration]
  154 |   memset(argv,NULL,MAX_ARGS*sizeof(char*));
      |   ^~~~~~
../Core/Src/main.c:154:3: warning: incompatible implicit declaration of built-in function 'memset'
../Core/Src/main.c:24:1: note: include '<string.h>' or provide a declaration of 'memset'
   23 | #include "gpio.h"
  +++ |+#include <string.h>
   24 | 
../Core/Src/main.c:154:15: warning: passing argument 2 of 'memset' makes integer from pointer without a cast [-Wint-conversion]
  154 |   memset(argv,NULL,MAX_ARGS*sizeof(char*));
      |               ^~~~
      |               |
      |               void *
../Core/Src/main.c:154:15: note: expected 'int' but argument is of type 'void *'
../Core/Src/main.c:155:20: warning: passing argument 2 of 'memset' makes integer from pointer without a cast [-Wint-conversion]
  155 |   memset(cmdBuffer,NULL,CMD_BUFFER_SIZE*sizeof(char));
      |                    ^~~~
      |                    |
      |                    void *
../Core/Src/main.c:155:20: note: expected 'int' but argument is of type 'void *'
../Core/Src/main.c:156:23: warning: passing argument 2 of 'memset' makes integer from pointer without a cast [-Wint-conversion]
  156 |   memset(uartRxBuffer,NULL,UART_RX_BUFFER_SIZE*sizeof(char));
      |                       ^~~~
      |                       |
      |                       void *
../Core/Src/main.c:156:23: note: expected 'int' but argument is of type 'void *'
../Core/Src/main.c:157:23: warning: passing argument 2 of 'memset' makes integer from pointer without a cast [-Wint-conversion]
  157 |   memset(uartTxBuffer,NULL,UART_TX_BUFFER_SIZE*sizeof(char));
      |                       ^~~~
      |                       |
      |                       void *
../Core/Src/main.c:157:23: note: expected 'int' but argument is of type 'void *'
../Core/Src/main.c:189:13: warning: implicit declaration of function 'strtok' [-Wimplicit-function-declaration]
  189 |     token = strtok(cmdBuffer, " ");
      |             ^~~~~~
../Core/Src/main.c:189:11: warning: assignment to 'char *' from 'int' makes pointer from integer without a cast [-Wint-conversion]
  189 |     token = strtok(cmdBuffer, " ");
      |           ^
../Core/Src/main.c:192:12: warning: assignment to 'char *' from 'int' makes pointer from integer without a cast [-Wint-conversion]
  192 |      token = strtok(NULL, " ");
      |            ^
../Core/Src/main.c:218:7: warning: implicit declaration of function 'strcmp' [-Wimplicit-function-declaration]
  218 |    if(strcmp(argv[0],"help")==0){
      |       ^~~~~~
../Core/Src/main.c:219:5: warning: implicit declaration of function 'sprintf' [-Wimplicit-function-declaration]
  219 |     sprintf(uartTxBuffer,commandList);
      |     ^~~~~~~
../Core/Src/main.c:219:5: warning: incompatible implicit declaration of built-in function 'sprintf'
../Core/Src/main.c:24:1: note: include '<stdio.h>' or provide a declaration of 'sprintf'
   23 | #include "gpio.h"
  +++ |+#include <stdio.h>
   24 | 
../Core/Src/main.c:219:13: warning: pointer targets in passing argument 1 of 'sprintf' differ in signedness [-Wpointer-sign]
  219 |     sprintf(uartTxBuffer,commandList);
      |             ^~~~~~~~~~~~
      |             |
      |             uint8_t * {aka unsigned char *}
../Core/Src/main.c:219:13: note: expected 'char *' but argument is of type 'uint8_t *' {aka 'unsigned char *'}
../Core/Src/main.c:219:26: warning: pointer targets in passing argument 2 of 'sprintf' differ in signedness [-Wpointer-sign]
  219 |     sprintf(uartTxBuffer,commandList);
      |                          ^~~~~~~~~~~
      |                          |
      |                          uint8_t * {aka unsigned char *}
../Core/Src/main.c:219:26: note: expected 'const char *' but argument is of type 'uint8_t *' {aka 'unsigned char *'}
../Core/Src/main.c:224:5: warning: incompatible implicit declaration of built-in function 'sprintf'
  224 |     sprintf(uartTxBuffer,pinList);
      |     ^~~~~~~
../Core/Src/main.c:224:5: note: include '<stdio.h>' or provide a declaration of 'sprintf'
../Core/Src/main.c:224:13: warning: pointer targets in passing argument 1 of 'sprintf' differ in signedness [-Wpointer-sign]
  224 |     sprintf(uartTxBuffer,pinList);
      |             ^~~~~~~~~~~~
      |             |
      |             uint8_t * {aka unsigned char *}
../Core/Src/main.c:224:13: note: expected 'char *' but argument is of type 'uint8_t *' {aka 'unsigned char *'}
../Core/Src/main.c:224:26: warning: pointer targets in passing argument 2 of 'sprintf' differ in signedness [-Wpointer-sign]
  224 |     sprintf(uartTxBuffer,pinList);
      |                          ^~~~~~~
      |                          |
      |                          uint8_t * {aka unsigned char *}
../Core/Src/main.c:224:26: note: expected 'const char *' but argument is of type 'uint8_t *' {aka 'unsigned char *'}
../Core/Src/main.c:231:48: warning: implicit declaration of function 'atoi' [-Wimplicit-function-declaration]
  231 |      HAL_GPIO_WritePin(LED_GPIO_Port, LED_Pin, atoi(argv[2]));
      |                                                ^~~~
../Core/Src/main.c:232:6: warning: incompatible implicit declaration of built-in function 'sprintf'
  232 |      sprintf(uartTxBuffer,"Switch on/off led : %d\r\n",atoi(argv[2]));
      |      ^~~~~~~
../Core/Src/main.c:232:6: note: include '<stdio.h>' or provide a declaration of 'sprintf'
../Core/Src/main.c:232:14: warning: pointer targets in passing argument 1 of 'sprintf' differ in signedness [-Wpointer-sign]
  232 |      sprintf(uartTxBuffer,"Switch on/off led : %d\r\n",atoi(argv[2]));
      |              ^~~~~~~~~~~~
      |              |
      |              uint8_t * {aka unsigned char *}
../Core/Src/main.c:232:14: note: expected 'char *' but argument is of type 'uint8_t *' {aka 'unsigned char *'}
../Core/Src/main.c:248:5: warning: incompatible implicit declaration of built-in function 'sprintf'
  248 |     sprintf(uartTxBuffer,"Power ON\r\n");
      |     ^~~~~~~
../Core/Src/main.c:248:5: note: include '<stdio.h>' or provide a declaration of 'sprintf'
../Core/Src/main.c:248:13: warning: pointer targets in passing argument 1 of 'sprintf' differ in signedness [-Wpointer-sign]
  248 |     sprintf(uartTxBuffer,"Power ON\r\n");
      |             ^~~~~~~~~~~~
      |             |
      |             uint8_t * {aka unsigned char *}
../Core/Src/main.c:248:13: note: expected 'char *' but argument is of type 'uint8_t *' {aka 'unsigned char *'}
../Core/Src/main.c:256:4: warning: incompatible implicit declaration of built-in function 'sprintf'
  256 |    sprintf(uartTxBuffer,"Power OFF\r\n");
      |    ^~~~~~~
../Core/Src/main.c:256:4: note: include '<stdio.h>' or provide a declaration of 'sprintf'
../Core/Src/main.c:256:12: warning: pointer targets in passing argument 1 of 'sprintf' differ in signedness [-Wpointer-sign]
  256 |    sprintf(uartTxBuffer,"Power OFF\r\n");
      |            ^~~~~~~~~~~~
      |            |
      |            uint8_t * {aka unsigned char *}
../Core/Src/main.c:256:12: note: expected 'char *' but argument is of type 'uint8_t *' {aka 'unsigned char *'}
../Core/Src/main.c:274:5: warning: incompatible implicit declaration of built-in function 'sprintf'
  274 |     sprintf(uartTxBuffer,"Setting the speed to %d\r\n",speedValue);
      |     ^~~~~~~
../Core/Src/main.c:274:5: note: include '<stdio.h>' or provide a declaration of 'sprintf'
../Core/Src/main.c:274:13: warning: pointer targets in passing argument 1 of 'sprintf' differ in signedness [-Wpointer-sign]
  274 |     sprintf(uartTxBuffer,"Setting the speed to %d\r\n",speedValue);
      |             ^~~~~~~~~~~~
      |             |
      |             uint8_t * {aka unsigned char *}
../Core/Src/main.c:274:13: note: expected 'char *' but argument is of type 'uint8_t *' {aka 'unsigned char *'}
../Core/Src/main.c: At top level:
../Core/Src/main.c:304:6: warning: conflicting types for 'SystemClock_Config'
  304 | void SystemClock_Config(void)
      |      ^~~~~~~~~~~~~~~~~~
../Core/Src/main.c:138:3: note: previous implicit declaration of 'SystemClock_Config' was here
  138 |   SystemClock_Config();
      |   ^~~~~~~~~~~~~~~~~~
make: *** [Core/Src/subdir.mk:43: Core/Src/main.o] Error 1
"make -j12 all" terminated with exit code 2. Build might be incomplete.
16:34:38 **** Incremental Build of configuration Debug for project TP_systeme_actionneurs ****
make -j12 all 
arm-none-eabi-gcc "../Core/Src/main.c" -mcpu=cortex-m4 -std=gnu11 -g3 -DDEBUG -DUSE_HAL_DRIVER -DSTM32G474xx -c -I../Core/Inc -I../Drivers/STM32G4xx_HAL_Driver/Inc -I../Drivers/STM32G4xx_HAL_Driver/Inc/Legacy -I../Drivers/CMSIS/Device/ST/STM32G4xx/Include -I../Drivers/CMSIS/Include -O0 -ffunction-sections -fdata-sections -Wall -fstack-usage -MMD -MP -MF"Core/Src/main.d" -MT"Core/Src/main.o" --specs=nano.specs -mfpu=fpv4-sp-d16 -mfloat-abi=hard -mthumb -o "Core/Src/main.o"
../Core/Src/main.c: In function 'main':
../Core/Src/main.c:154:3: warning: implicit declaration of function 'memset' [-Wimplicit-function-declaration]
  154 |   memset(argv,NULL,MAX_ARGS*sizeof(char*));
      |   ^~~~~~
../Core/Src/main.c:154:3: warning: incompatible implicit declaration of built-in function 'memset'
../Core/Src/main.c:24:1: note: include '<string.h>' or provide a declaration of 'memset'
   23 | #include "gpio.h"
  +++ |+#include <string.h>
   24 | 
../Core/Src/main.c:154:15: warning: passing argument 2 of 'memset' makes integer from pointer without a cast [-Wint-conversion]
  154 |   memset(argv,NULL,MAX_ARGS*sizeof(char*));
      |               ^~~~
      |               |
      |               void *
../Core/Src/main.c:154:15: note: expected 'int' but argument is of type 'void *'
../Core/Src/main.c:155:20: warning: passing argument 2 of 'memset' makes integer from pointer without a cast [-Wint-conversion]
  155 |   memset(cmdBuffer,NULL,CMD_BUFFER_SIZE*sizeof(char));
      |                    ^~~~
      |                    |
      |                    void *
../Core/Src/main.c:155:20: note: expected 'int' but argument is of type 'void *'
../Core/Src/main.c:156:23: warning: passing argument 2 of 'memset' makes integer from pointer without a cast [-Wint-conversion]
  156 |   memset(uartRxBuffer,NULL,UART_RX_BUFFER_SIZE*sizeof(char));
      |                       ^~~~
      |                       |
      |                       void *
../Core/Src/main.c:156:23: note: expected 'int' but argument is of type 'void *'
../Core/Src/main.c:157:23: warning: passing argument 2 of 'memset' makes integer from pointer without a cast [-Wint-conversion]
  157 |   memset(uartTxBuffer,NULL,UART_TX_BUFFER_SIZE*sizeof(char));
      |                       ^~~~
      |                       |
      |                       void *
../Core/Src/main.c:157:23: note: expected 'int' but argument is of type 'void *'
../Core/Src/main.c:189:13: warning: implicit declaration of function 'strtok' [-Wimplicit-function-declaration]
  189 |     token = strtok(cmdBuffer, " ");
      |             ^~~~~~
../Core/Src/main.c:189:11: warning: assignment to 'char *' from 'int' makes pointer from integer without a cast [-Wint-conversion]
  189 |     token = strtok(cmdBuffer, " ");
      |           ^
../Core/Src/main.c:192:12: warning: assignment to 'char *' from 'int' makes pointer from integer without a cast [-Wint-conversion]
  192 |      token = strtok(NULL, " ");
      |            ^
../Core/Src/main.c:218:7: warning: implicit declaration of function 'strcmp' [-Wimplicit-function-declaration]
  218 |    if(strcmp(argv[0],"help")==0){
      |       ^~~~~~
../Core/Src/main.c:219:5: warning: implicit declaration of function 'sprintf' [-Wimplicit-function-declaration]
  219 |     sprintf(uartTxBuffer,commandList);
      |     ^~~~~~~
../Core/Src/main.c:219:5: warning: incompatible implicit declaration of built-in function 'sprintf'
../Core/Src/main.c:24:1: note: include '<stdio.h>' or provide a declaration of 'sprintf'
   23 | #include "gpio.h"
  +++ |+#include <stdio.h>
   24 | 
../Core/Src/main.c:219:13: warning: pointer targets in passing argument 1 of 'sprintf' differ in signedness [-Wpointer-sign]
  219 |     sprintf(uartTxBuffer,commandList);
      |             ^~~~~~~~~~~~
      |             |
      |             uint8_t * {aka unsigned char *}
../Core/Src/main.c:219:13: note: expected 'char *' but argument is of type 'uint8_t *' {aka 'unsigned char *'}
../Core/Src/main.c:219:26: warning: pointer targets in passing argument 2 of 'sprintf' differ in signedness [-Wpointer-sign]
  219 |     sprintf(uartTxBuffer,commandList);
      |                          ^~~~~~~~~~~
      |                          |
      |                          uint8_t * {aka unsigned char *}
../Core/Src/main.c:219:26: note: expected 'const char *' but argument is of type 'uint8_t *' {aka 'unsigned char *'}
../Core/Src/main.c:224:5: warning: incompatible implicit declaration of built-in function 'sprintf'
  224 |     sprintf(uartTxBuffer,pinList);
      |     ^~~~~~~
../Core/Src/main.c:224:5: note: include '<stdio.h>' or provide a declaration of 'sprintf'
../Core/Src/main.c:224:13: warning: pointer targets in passing argument 1 of 'sprintf' differ in signedness [-Wpointer-sign]
  224 |     sprintf(uartTxBuffer,pinList);
      |             ^~~~~~~~~~~~
      |             |
      |             uint8_t * {aka unsigned char *}
../Core/Src/main.c:224:13: note: expected 'char *' but argument is of type 'uint8_t *' {aka 'unsigned char *'}
../Core/Src/main.c:224:26: warning: pointer targets in passing argument 2 of 'sprintf' differ in signedness [-Wpointer-sign]
  224 |     sprintf(uartTxBuffer,pinList);
      |                          ^~~~~~~
      |                          |
      |                          uint8_t * {aka unsigned char *}
../Core/Src/main.c:224:26: note: expected 'const char *' but argument is of type 'uint8_t *' {aka 'unsigned char *'}
../Core/Src/main.c:231:48: warning: implicit declaration of function 'atoi' [-Wimplicit-function-declaration]
  231 |      HAL_GPIO_WritePin(LED_GPIO_Port, LED_Pin, atoi(argv[2]));
      |                                                ^~~~
../Core/Src/main.c:232:6: warning: incompatible implicit declaration of built-in function 'sprintf'
  232 |      sprintf(uartTxBuffer,"Switch on/off led : %d\r\n",atoi(argv[2]));
      |      ^~~~~~~
../Core/Src/main.c:232:6: note: include '<stdio.h>' or provide a declaration of 'sprintf'
../Core/Src/main.c:232:14: warning: pointer targets in passing argument 1 of 'sprintf' differ in signedness [-Wpointer-sign]
  232 |      sprintf(uartTxBuffer,"Switch on/off led : %d\r\n",atoi(argv[2]));
      |              ^~~~~~~~~~~~
      |              |
      |              uint8_t * {aka unsigned char *}
../Core/Src/main.c:232:14: note: expected 'char *' but argument is of type 'uint8_t *' {aka 'unsigned char *'}
../Core/Src/main.c:248:5: warning: incompatible implicit declaration of built-in function 'sprintf'
  248 |     sprintf(uartTxBuffer,"Power ON\r\n");
      |     ^~~~~~~
../Core/Src/main.c:248:5: note: include '<stdio.h>' or provide a declaration of 'sprintf'
../Core/Src/main.c:248:13: warning: pointer targets in passing argument 1 of 'sprintf' differ in signedness [-Wpointer-sign]
  248 |     sprintf(uartTxBuffer,"Power ON\r\n");
      |             ^~~~~~~~~~~~
      |             |
      |             uint8_t * {aka unsigned char *}
../Core/Src/main.c:248:13: note: expected 'char *' but argument is of type 'uint8_t *' {aka 'unsigned char *'}
../Core/Src/main.c:256:4: warning: incompatible implicit declaration of built-in function 'sprintf'
  256 |    sprintf(uartTxBuffer,"Power OFF\r\n");
      |    ^~~~~~~
../Core/Src/main.c:256:4: note: include '<stdio.h>' or provide a declaration of 'sprintf'
../Core/Src/main.c:256:12: warning: pointer targets in passing argument 1 of 'sprintf' differ in signedness [-Wpointer-sign]
  256 |    sprintf(uartTxBuffer,"Power OFF\r\n");
      |            ^~~~~~~~~~~~
      |            |
      |            uint8_t * {aka unsigned char *}
../Core/Src/main.c:256:12: note: expected 'char *' but argument is of type 'uint8_t *' {aka 'unsigned char *'}
../Core/Src/main.c:274:5: warning: incompatible implicit declaration of built-in function 'sprintf'
  274 |     sprintf(uartTxBuffer,"Setting the speed to %d\r\n",speedValue);
      |     ^~~~~~~
../Core/Src/main.c:274:5: note: include '<stdio.h>' or provide a declaration of 'sprintf'
../Core/Src/main.c:274:13: warning: pointer targets in passing argument 1 of 'sprintf' differ in signedness [-Wpointer-sign]
  274 |     sprintf(uartTxBuffer,"Setting the speed to %d\r\n",speedValue);
      |             ^~~~~~~~~~~~
      |             |
      |             uint8_t * {aka unsigned char *}
../Core/Src/main.c:274:13: note: expected 'char *' but argument is of type 'uint8_t *' {aka 'unsigned char *'}
arm-none-eabi-gcc -o "TP_systeme_actionneurs.elf" @"objects.list"   -mcpu=cortex-m4 -T"D:\Travail\ENSEA\Local_Github_rep\TP_Actionneur\TP_systeme_actionneurs\STM32G474RETX_FLASH.ld" --specs=nosys.specs -Wl,-Map="TP_systeme_actionneurs.map" -Wl,--gc-sections -static --specs=nano.specs -mfpu=fpv4-sp-d16 -mfloat-abi=hard -mthumb -Wl,--start-group -lc -lm -Wl,--end-group
Finished building target: TP_systeme_actionneurs.elf
 
arm-none-eabi-size   TP_systeme_actionneurs.elf 
arm-none-eabi-objdump -h -S  TP_systeme_actionneurs.elf  > "TP_systeme_actionneurs.list"
   text	   data	    bss	    dec	    hex	filename
  31216	    652	   2116	  33984	   84c0	TP_systeme_actionneurs.elf
Finished building: default.size.stdout
 
Finished building: TP_systeme_actionneurs.list
 
16:35:05 **** Incremental Build of configuration Debug for project TP_systeme_actionneurs ****
make -j12 all 
arm-none-eabi-gcc "../Core/Src/main.c" -mcpu=cortex-m4 -std=gnu11 -g3 -DDEBUG -DUSE_HAL_DRIVER -DSTM32G474xx -c -I../Core/Inc -I../Drivers/STM32G4xx_HAL_Driver/Inc -I../Drivers/STM32G4xx_HAL_Driver/Inc/Legacy -I../Drivers/CMSIS/Device/ST/STM32G4xx/Include -I../Drivers/CMSIS/Include -O0 -ffunction-sections -fdata-sections -Wall -fstack-usage -MMD -MP -MF"Core/Src/main.d" -MT"Core/Src/main.o" --specs=nano.specs -mfpu=fpv4-sp-d16 -mfloat-abi=hard -mthumb -o "Core/Src/main.o"
../Core/Src/main.c: In function 'main':
../Core/Src/main.c:152:3: warning: implicit declaration of function 'memset' [-Wimplicit-function-declaration]
  152 |   memset(argv,NULL,MAX_ARGS*sizeof(char*));
      |   ^~~~~~
../Core/Src/main.c:152:3: warning: incompatible implicit declaration of built-in function 'memset'
../Core/Src/main.c:24:1: note: include '<string.h>' or provide a declaration of 'memset'
   23 | #include "gpio.h"
  +++ |+#include <string.h>
   24 | 
../Core/Src/main.c:152:15: warning: passing argument 2 of 'memset' makes integer from pointer without a cast [-Wint-conversion]
  152 |   memset(argv,NULL,MAX_ARGS*sizeof(char*));
      |               ^~~~
      |               |
      |               void *
../Core/Src/main.c:152:15: note: expected 'int' but argument is of type 'void *'
../Core/Src/main.c:153:20: warning: passing argument 2 of 'memset' makes integer from pointer without a cast [-Wint-conversion]
  153 |   memset(cmdBuffer,NULL,CMD_BUFFER_SIZE*sizeof(char));
      |                    ^~~~
      |                    |
      |                    void *
../Core/Src/main.c:153:20: note: expected 'int' but argument is of type 'void *'
../Core/Src/main.c:154:23: warning: passing argument 2 of 'memset' makes integer from pointer without a cast [-Wint-conversion]
  154 |   memset(uartRxBuffer,NULL,UART_RX_BUFFER_SIZE*sizeof(char));
      |                       ^~~~
      |                       |
      |                       void *
../Core/Src/main.c:154:23: note: expected 'int' but argument is of type 'void *'
../Core/Src/main.c:155:23: warning: passing argument 2 of 'memset' makes integer from pointer without a cast [-Wint-conversion]
  155 |   memset(uartTxBuffer,NULL,UART_TX_BUFFER_SIZE*sizeof(char));
      |                       ^~~~
      |                       |
      |                       void *
../Core/Src/main.c:155:23: note: expected 'int' but argument is of type 'void *'
../Core/Src/main.c:187:13: warning: implicit declaration of function 'strtok' [-Wimplicit-function-declaration]
  187 |     token = strtok(cmdBuffer, " ");
      |             ^~~~~~
../Core/Src/main.c:187:11: warning: assignment to 'char *' from 'int' makes pointer from integer without a cast [-Wint-conversion]
  187 |     token = strtok(cmdBuffer, " ");
      |           ^
../Core/Src/main.c:190:12: warning: assignment to 'char *' from 'int' makes pointer from integer without a cast [-Wint-conversion]
  190 |      token = strtok(NULL, " ");
      |            ^
../Core/Src/main.c:216:7: warning: implicit declaration of function 'strcmp' [-Wimplicit-function-declaration]
  216 |    if(strcmp(argv[0],"help")==0){
      |       ^~~~~~
../Core/Src/main.c:217:5: warning: implicit declaration of function 'sprintf' [-Wimplicit-function-declaration]
  217 |     sprintf(uartTxBuffer,commandList);
      |     ^~~~~~~
../Core/Src/main.c:217:5: warning: incompatible implicit declaration of built-in function 'sprintf'
../Core/Src/main.c:24:1: note: include '<stdio.h>' or provide a declaration of 'sprintf'
   23 | #include "gpio.h"
  +++ |+#include <stdio.h>
   24 | 
../Core/Src/main.c:217:13: warning: pointer targets in passing argument 1 of 'sprintf' differ in signedness [-Wpointer-sign]
  217 |     sprintf(uartTxBuffer,commandList);
      |             ^~~~~~~~~~~~
      |             |
      |             uint8_t * {aka unsigned char *}
../Core/Src/main.c:217:13: note: expected 'char *' but argument is of type 'uint8_t *' {aka 'unsigned char *'}
../Core/Src/main.c:217:26: warning: pointer targets in passing argument 2 of 'sprintf' differ in signedness [-Wpointer-sign]
  217 |     sprintf(uartTxBuffer,commandList);
      |                          ^~~~~~~~~~~
      |                          |
      |                          uint8_t * {aka unsigned char *}
../Core/Src/main.c:217:26: note: expected 'const char *' but argument is of type 'uint8_t *' {aka 'unsigned char *'}
../Core/Src/main.c:222:5: warning: incompatible implicit declaration of built-in function 'sprintf'
  222 |     sprintf(uartTxBuffer,pinList);
      |     ^~~~~~~
../Core/Src/main.c:222:5: note: include '<stdio.h>' or provide a declaration of 'sprintf'
../Core/Src/main.c:222:13: warning: pointer targets in passing argument 1 of 'sprintf' differ in signedness [-Wpointer-sign]
  222 |     sprintf(uartTxBuffer,pinList);
      |             ^~~~~~~~~~~~
      |             |
      |             uint8_t * {aka unsigned char *}
../Core/Src/main.c:222:13: note: expected 'char *' but argument is of type 'uint8_t *' {aka 'unsigned char *'}
../Core/Src/main.c:222:26: warning: pointer targets in passing argument 2 of 'sprintf' differ in signedness [-Wpointer-sign]
  222 |     sprintf(uartTxBuffer,pinList);
      |                          ^~~~~~~
      |                          |
      |                          uint8_t * {aka unsigned char *}
../Core/Src/main.c:222:26: note: expected 'const char *' but argument is of type 'uint8_t *' {aka 'unsigned char *'}
../Core/Src/main.c:229:48: warning: implicit declaration of function 'atoi' [-Wimplicit-function-declaration]
  229 |      HAL_GPIO_WritePin(LED_GPIO_Port, LED_Pin, atoi(argv[2]));
      |                                                ^~~~
../Core/Src/main.c:230:6: warning: incompatible implicit declaration of built-in function 'sprintf'
  230 |      sprintf(uartTxBuffer,"Switch on/off led : %d\r\n",atoi(argv[2]));
      |      ^~~~~~~
../Core/Src/main.c:230:6: note: include '<stdio.h>' or provide a declaration of 'sprintf'
../Core/Src/main.c:230:14: warning: pointer targets in passing argument 1 of 'sprintf' differ in signedness [-Wpointer-sign]
  230 |      sprintf(uartTxBuffer,"Switch on/off led : %d\r\n",atoi(argv[2]));
      |              ^~~~~~~~~~~~
      |              |
      |              uint8_t * {aka unsigned char *}
../Core/Src/main.c:230:14: note: expected 'char *' but argument is of type 'uint8_t *' {aka 'unsigned char *'}
../Core/Src/main.c:246:5: warning: incompatible implicit declaration of built-in function 'sprintf'
  246 |     sprintf(uartTxBuffer,"Power ON\r\n");
      |     ^~~~~~~
../Core/Src/main.c:246:5: note: include '<stdio.h>' or provide a declaration of 'sprintf'
../Core/Src/main.c:246:13: warning: pointer targets in passing argument 1 of 'sprintf' differ in signedness [-Wpointer-sign]
  246 |     sprintf(uartTxBuffer,"Power ON\r\n");
      |             ^~~~~~~~~~~~
      |             |
      |             uint8_t * {aka unsigned char *}
../Core/Src/main.c:246:13: note: expected 'char *' but argument is of type 'uint8_t *' {aka 'unsigned char *'}
../Core/Src/main.c:254:4: warning: incompatible implicit declaration of built-in function 'sprintf'
  254 |    sprintf(uartTxBuffer,"Power OFF\r\n");
      |    ^~~~~~~
../Core/Src/main.c:254:4: note: include '<stdio.h>' or provide a declaration of 'sprintf'
../Core/Src/main.c:254:12: warning: pointer targets in passing argument 1 of 'sprintf' differ in signedness [-Wpointer-sign]
  254 |    sprintf(uartTxBuffer,"Power OFF\r\n");
      |            ^~~~~~~~~~~~
      |            |
      |            uint8_t * {aka unsigned char *}
../Core/Src/main.c:254:12: note: expected 'char *' but argument is of type 'uint8_t *' {aka 'unsigned char *'}
../Core/Src/main.c:272:5: warning: incompatible implicit declaration of built-in function 'sprintf'
  272 |     sprintf(uartTxBuffer,"Setting the speed to %d\r\n",speedValue);
      |     ^~~~~~~
../Core/Src/main.c:272:5: note: include '<stdio.h>' or provide a declaration of 'sprintf'
../Core/Src/main.c:272:13: warning: pointer targets in passing argument 1 of 'sprintf' differ in signedness [-Wpointer-sign]
  272 |     sprintf(uartTxBuffer,"Setting the speed to %d\r\n",speedValue);
      |             ^~~~~~~~~~~~
      |             |
      |             uint8_t * {aka unsigned char *}
../Core/Src/main.c:272:13: note: expected 'char *' but argument is of type 'uint8_t *' {aka 'unsigned char *'}
arm-none-eabi-gcc -o "TP_systeme_actionneurs.elf" @"objects.list"   -mcpu=cortex-m4 -T"D:\Travail\ENSEA\Local_Github_rep\TP_Actionneur\TP_systeme_actionneurs\STM32G474RETX_FLASH.ld" --specs=nosys.specs -Wl,-Map="TP_systeme_actionneurs.map" -Wl,--gc-sections -static --specs=nano.specs -mfpu=fpv4-sp-d16 -mfloat-abi=hard -mthumb -Wl,--start-group -lc -lm -Wl,--end-group
Finished building target: TP_systeme_actionneurs.elf
 
arm-none-eabi-size   TP_systeme_actionneurs.elf 
arm-none-eabi-objdump -h -S  TP_systeme_actionneurs.elf  > "TP_systeme_actionneurs.list"
   text	   data	    bss	    dec	    hex	filename
  31216	    616	   2120	  33952	   84a0	TP_systeme_actionneurs.elf
Finished building: default.size.stdout
 
Finished building: TP_systeme_actionneurs.list
 
16:35:15 **** Incremental Build of configuration Debug for project TP_systeme_actionneurs ****
make -j12 all 
arm-none-eabi-gcc "../Core/Src/main.c" -mcpu=cortex-m4 -std=gnu11 -g3 -DDEBUG -DUSE_HAL_DRIVER -DSTM32G474xx -c -I../Core/Inc -I../Drivers/STM32G4xx_HAL_Driver/Inc -I../Drivers/STM32G4xx_HAL_Driver/Inc/Legacy -I../Drivers/CMSIS/Device/ST/STM32G4xx/Include -I../Drivers/CMSIS/Include -O0 -ffunction-sections -fdata-sections -Wall -fstack-usage -MMD -MP -MF"Core/Src/main.d" -MT"Core/Src/main.o" --specs=nano.specs -mfpu=fpv4-sp-d16 -mfloat-abi=hard -mthumb -o "Core/Src/main.o"
../Core/Src/main.c: In function 'main':
../Core/Src/main.c:150:3: warning: implicit declaration of function 'memset' [-Wimplicit-function-declaration]
  150 |   memset(argv,NULL,MAX_ARGS*sizeof(char*));
      |   ^~~~~~
../Core/Src/main.c:150:3: warning: incompatible implicit declaration of built-in function 'memset'
../Core/Src/main.c:24:1: note: include '<string.h>' or provide a declaration of 'memset'
   23 | #include "gpio.h"
  +++ |+#include <string.h>
   24 | 
../Core/Src/main.c:150:15: warning: passing argument 2 of 'memset' makes integer from pointer without a cast [-Wint-conversion]
  150 |   memset(argv,NULL,MAX_ARGS*sizeof(char*));
      |               ^~~~
      |               |
      |               void *
../Core/Src/main.c:150:15: note: expected 'int' but argument is of type 'void *'
../Core/Src/main.c:151:20: warning: passing argument 2 of 'memset' makes integer from pointer without a cast [-Wint-conversion]
  151 |   memset(cmdBuffer,NULL,CMD_BUFFER_SIZE*sizeof(char));
      |                    ^~~~
      |                    |
      |                    void *
../Core/Src/main.c:151:20: note: expected 'int' but argument is of type 'void *'
../Core/Src/main.c:152:23: warning: passing argument 2 of 'memset' makes integer from pointer without a cast [-Wint-conversion]
  152 |   memset(uartRxBuffer,NULL,UART_RX_BUFFER_SIZE*sizeof(char));
      |                       ^~~~
      |                       |
      |                       void *
../Core/Src/main.c:152:23: note: expected 'int' but argument is of type 'void *'
../Core/Src/main.c:153:23: warning: passing argument 2 of 'memset' makes integer from pointer without a cast [-Wint-conversion]
  153 |   memset(uartTxBuffer,NULL,UART_TX_BUFFER_SIZE*sizeof(char));
      |                       ^~~~
      |                       |
      |                       void *
../Core/Src/main.c:153:23: note: expected 'int' but argument is of type 'void *'
../Core/Src/main.c:185:13: warning: implicit declaration of function 'strtok' [-Wimplicit-function-declaration]
  185 |     token = strtok(cmdBuffer, " ");
      |             ^~~~~~
../Core/Src/main.c:185:11: warning: assignment to 'char *' from 'int' makes pointer from integer without a cast [-Wint-conversion]
  185 |     token = strtok(cmdBuffer, " ");
      |           ^
../Core/Src/main.c:188:12: warning: assignment to 'char *' from 'int' makes pointer from integer without a cast [-Wint-conversion]
  188 |      token = strtok(NULL, " ");
      |            ^
../Core/Src/main.c:214:7: warning: implicit declaration of function 'strcmp' [-Wimplicit-function-declaration]
  214 |    if(strcmp(argv[0],"help")==0){
      |       ^~~~~~
../Core/Src/main.c:215:5: warning: implicit declaration of function 'sprintf' [-Wimplicit-function-declaration]
  215 |     sprintf(uartTxBuffer,commandList);
      |     ^~~~~~~
../Core/Src/main.c:215:5: warning: incompatible implicit declaration of built-in function 'sprintf'
../Core/Src/main.c:24:1: note: include '<stdio.h>' or provide a declaration of 'sprintf'
   23 | #include "gpio.h"
  +++ |+#include <stdio.h>
   24 | 
../Core/Src/main.c:215:13: warning: pointer targets in passing argument 1 of 'sprintf' differ in signedness [-Wpointer-sign]
  215 |     sprintf(uartTxBuffer,commandList);
      |             ^~~~~~~~~~~~
      |             |
      |             uint8_t * {aka unsigned char *}
../Core/Src/main.c:215:13: note: expected 'char *' but argument is of type 'uint8_t *' {aka 'unsigned char *'}
../Core/Src/main.c:215:26: warning: pointer targets in passing argument 2 of 'sprintf' differ in signedness [-Wpointer-sign]
  215 |     sprintf(uartTxBuffer,commandList);
      |                          ^~~~~~~~~~~
      |                          |
      |                          uint8_t * {aka unsigned char *}
[...]
../Core/Src/main.c: In function 'main':
../Core/Src/main.c:145:2: warning: implicit declaration of function 'memset' [-Wimplicit-function-declaration]
  145 |  memset(argv,NULL,MAX_ARGS*sizeof(char*));
      |  ^~~~~~
../Core/Src/main.c:145:2: warning: incompatible implicit declaration of built-in function 'memset'
../Core/Src/main.c:24:1: note: include '<string.h>' or provide a declaration of 'memset'
   23 | #include "gpio.h"
  +++ |+#include <string.h>
   24 | 
../Core/Src/main.c:145:14: warning: passing argument 2 of 'memset' makes integer from pointer without a cast [-Wint-conversion]
  145 |  memset(argv,NULL,MAX_ARGS*sizeof(char*));
      |              ^~~~
      |              |
      |              void *
../Core/Src/main.c:145:14: note: expected 'int' but argument is of type 'void *'
../Core/Src/main.c:146:19: warning: passing argument 2 of 'memset' makes integer from pointer without a cast [-Wint-conversion]
  146 |  memset(cmdBuffer,NULL,CMD_BUFFER_SIZE*sizeof(char));
      |                   ^~~~
      |                   |
      |                   void *
../Core/Src/main.c:146:19: note: expected 'int' but argument is of type 'void *'
../Core/Src/main.c:147:22: warning: passing argument 2 of 'memset' makes integer from pointer without a cast [-Wint-conversion]
  147 |  memset(uartRxBuffer,NULL,UART_RX_BUFFER_SIZE*sizeof(char));
      |                      ^~~~
      |                      |
      |                      void *
../Core/Src/main.c:147:22: note: expected 'int' but argument is of type 'void *'
../Core/Src/main.c:148:22: warning: passing argument 2 of 'memset' makes integer from pointer without a cast [-Wint-conversion]
  148 |  memset(uartTxBuffer,NULL,UART_TX_BUFFER_SIZE*sizeof(char));
      |                      ^~~~
      |                      |
      |                      void *
../Core/Src/main.c:148:22: note: expected 'int' but argument is of type 'void *'
../Core/Src/main.c:180:13: warning: implicit declaration of function 'strtok' [-Wimplicit-function-declaration]
  180 |     token = strtok(cmdBuffer, " ");
      |             ^~~~~~
../Core/Src/main.c:180:11: warning: assignment to 'char *' from 'int' makes pointer from integer without a cast [-Wint-conversion]
  180 |     token = strtok(cmdBuffer, " ");
      |           ^
../Core/Src/main.c:183:12: warning: assignment to 'char *' from 'int' makes pointer from integer without a cast [-Wint-conversion]
  183 |      token = strtok(NULL, " ");
      |            ^
../Core/Src/main.c:209:7: warning: implicit declaration of function 'strcmp' [-Wimplicit-function-declaration]
  209 |    if(strcmp(argv[0],"help")==0){
      |       ^~~~~~
../Core/Src/main.c:210:5: warning: implicit declaration of function 'sprintf' [-Wimplicit-function-declaration]
  210 |     sprintf(uartTxBuffer,commandList);
      |     ^~~~~~~
../Core/Src/main.c:210:5: warning: incompatible implicit declaration of built-in function 'sprintf'
../Core/Src/main.c:24:1: note: include '<stdio.h>' or provide a declaration of 'sprintf'
   23 | #include "gpio.h"
  +++ |+#include <stdio.h>
   24 | 
../Core/Src/main.c:210:13: warning: pointer targets in passing argument 1 of 'sprintf' differ in signedness [-Wpointer-sign]
  210 |     sprintf(uartTxBuffer,commandList);
      |             ^~~~~~~~~~~~
      |             |
      |             uint8_t * {aka unsigned char *}
../Core/Src/main.c:210:13: note: expected 'char *' but argument is of type 'uint8_t *' {aka 'unsigned char *'}
../Core/Src/main.c:210:26: warning: pointer targets in passing argument 2 of 'sprintf' differ in signedness [-Wpointer-sign]
  210 |     sprintf(uartTxBuffer,commandList);
      |                          ^~~~~~~~~~~
      |                          |
      |                          uint8_t * {aka unsigned char *}
../Core/Src/main.c:210:26: note: expected 'const char *' but argument is of type 'uint8_t *' {aka 'unsigned char *'}
../Core/Src/main.c:215:5: warning: incompatible implicit declaration of built-in function 'sprintf'
  215 |     sprintf(uartTxBuffer,pinList);
      |     ^~~~~~~
../Core/Src/main.c:215:5: note: include '<stdio.h>' or provide a declaration of 'sprintf'
../Core/Src/main.c:215:13: warning: pointer targets in passing argument 1 of 'sprintf' differ in signedness [-Wpointer-sign]
  215 |     sprintf(uartTxBuffer,pinList);
      |             ^~~~~~~~~~~~
      |             |
      |             uint8_t * {aka unsigned char *}
../Core/Src/main.c:215:13: note: expected 'char *' but argument is of type 'uint8_t *' {aka 'unsigned char *'}
../Core/Src/main.c:215:26: warning: pointer targets in passing argument 2 of 'sprintf' differ in signedness [-Wpointer-sign]
  215 |     sprintf(uartTxBuffer,pinList);
      |                          ^~~~~~~
      |                          |
      |                          uint8_t * {aka unsigned char *}
../Core/Src/main.c:215:26: note: expected 'const char *' but argument is of type 'uint8_t *' {aka 'unsigned char *'}
../Core/Src/main.c:222:48: warning: implicit declaration of function 'atoi' [-Wimplicit-function-declaration]
  222 |      HAL_GPIO_WritePin(LED_GPIO_Port, LED_Pin, atoi(argv[2]));
      |                                                ^~~~
../Core/Src/main.c:223:6: warning: incompatible implicit declaration of built-in function 'sprintf'
  223 |      sprintf(uartTxBuffer,"Switch on/off led : %d\r\n",atoi(argv[2]));
      |      ^~~~~~~
../Core/Src/main.c:223:6: note: include '<stdio.h>' or provide a declaration of 'sprintf'
../Core/Src/main.c:223:14: warning: pointer targets in passing argument 1 of 'sprintf' differ in signedness [-Wpointer-sign]
  223 |      sprintf(uartTxBuffer,"Switch on/off led : %d\r\n",atoi(argv[2]));
      |              ^~~~~~~~~~~~
      |              |
      |              uint8_t * {aka unsigned char *}
../Core/Src/main.c:223:14: note: expected 'char *' but argument is of type 'uint8_t *' {aka 'unsigned char *'}
../Core/Src/main.c:246:5: warning: incompatible implicit declaration of built-in function 'sprintf'
  246 |     sprintf(uartTxBuffer,"Power ON\r\n");
      |     ^~~~~~~
../Core/Src/main.c:246:5: note: include '<stdio.h>' or provide a declaration of 'sprintf'
../Core/Src/main.c:246:13: warning: pointer targets in passing argument 1 of 'sprintf' differ in signedness [-Wpointer-sign]
  246 |     sprintf(uartTxBuffer,"Power ON\r\n");
      |             ^~~~~~~~~~~~
      |             |
      |             uint8_t * {aka unsigned char *}
../Core/Src/main.c:246:13: note: expected 'char *' but argument is of type 'uint8_t *' {aka 'unsigned char *'}
../Core/Src/main.c:262:5: warning: incompatible implicit declaration of built-in function 'sprintf'
  262 |     sprintf(uartTxBuffer,"Power OFF\r\n");
      |     ^~~~~~~
../Core/Src/main.c:262:5: note: include '<stdio.h>' or provide a declaration of 'sprintf'
../Core/Src/main.c:262:13: warning: pointer targets in passing argument 1 of 'sprintf' differ in signedness [-Wpointer-sign]
  262 |     sprintf(uartTxBuffer,"Power OFF\r\n");
      |             ^~~~~~~~~~~~
      |             |
      |             uint8_t * {aka unsigned char *}
../Core/Src/main.c:262:13: note: expected 'char *' but argument is of type 'uint8_t *' {aka 'unsigned char *'}
../Core/Src/main.c:282:5: warning: incompatible implicit declaration of built-in function 'sprintf'
  282 |     sprintf(uartTxBuffer,"Setting the speed to %d\r\n",speedValue);
      |     ^~~~~~~
../Core/Src/main.c:282:5: note: include '<stdio.h>' or provide a declaration of 'sprintf'
../Core/Src/main.c:282:13: warning: pointer targets in passing argument 1 of 'sprintf' differ in signedness [-Wpointer-sign]
  282 |     sprintf(uartTxBuffer,"Setting the speed to %d\r\n",speedValue);
      |             ^~~~~~~~~~~~
      |             |
      |             uint8_t * {aka unsigned char *}
../Core/Src/main.c:282:13: note: expected 'char *' but argument is of type 'uint8_t *' {aka 'unsigned char *'}
arm-none-eabi-gcc -o "TP_systeme_actionneurs.elf" @"objects.list"   -mcpu=cortex-m4 -T"D:\Travail\ENSEA\Local_Github_rep\TP_Actionneur\TP_systeme_actionneurs\STM32G474RETX_FLASH.ld" --specs=nosys.specs -Wl,-Map="TP_systeme_actionneurs.map" -Wl,--gc-sections -static --specs=nano.specs -mfpu=fpv4-sp-d16 -mfloat-abi=hard -mthumb -Wl,--start-group -lc -lm -Wl,--end-group
Finished building target: TP_systeme_actionneurs.elf
 
arm-none-eabi-size   TP_systeme_actionneurs.elf 
arm-none-eabi-objdump -h -S  TP_systeme_actionneurs.elf  > "TP_systeme_actionneurs.list"
   text	   data	    bss	    dec	    hex	filename
  31728	    584	   2120	  34432	   8680	TP_systeme_actionneurs.elf
Finished building: default.size.stdout
 
Finished building: TP_systeme_actionneurs.list
 
17:18:54 **** Incremental Build of configuration Debug for project TP_systeme_actionneurs ****
make -j12 all 
arm-none-eabi-gcc "../Core/Src/stm32g4xx_it.c" -mcpu=cortex-m4 -std=gnu11 -g3 -DDEBUG -DUSE_HAL_DRIVER -DSTM32G474xx -c -I../Core/Inc -I../Drivers/STM32G4xx_HAL_Driver/Inc -I../Drivers/STM32G4xx_HAL_Driver/Inc/Legacy -I../Drivers/CMSIS/Device/ST/STM32G4xx/Include -I../Drivers/CMSIS/Include -O0 -ffunction-sections -fdata-sections -Wall -fstack-usage -MMD -MP -MF"Core/Src/stm32g4xx_it.d" -MT"Core/Src/stm32g4xx_it.o" --specs=nano.specs -mfpu=fpv4-sp-d16 -mfloat-abi=hard -mthumb -o "Core/Src/stm32g4xx_it.o"
arm-none-eabi-gcc -o "TP_systeme_actionneurs.elf" @"objects.list"   -mcpu=cortex-m4 -T"D:\Travail\ENSEA\Local_Github_rep\TP_Actionneur\TP_systeme_actionneurs\STM32G474RETX_FLASH.ld" --specs=nosys.specs -Wl,-Map="TP_systeme_actionneurs.map" -Wl,--gc-sections -static --specs=nano.specs -mfpu=fpv4-sp-d16 -mfloat-abi=hard -mthumb -Wl,--start-group -lc -lm -Wl,--end-group
Finished building target: TP_systeme_actionneurs.elf
 
arm-none-eabi-size   TP_systeme_actionneurs.elf 
arm-none-eabi-objdump -h -S  TP_systeme_actionneurs.elf  > "TP_systeme_actionneurs.list"
   text	   data	    bss	    dec	    hex	filename
  31772	    584	   2120	  34476	   86ac	TP_systeme_actionneurs.elf
Finished building: default.size.stdout
 
Finished building: TP_systeme_actionneurs.list
 
17:20:02 **** Incremental Build of configuration Debug for project TP_systeme_actionneurs ****
make -j12 all 
arm-none-eabi-size   TP_systeme_actionneurs.elf 
   text	   data	    bss	    dec	    hex	filename
  31772	    584	   2120	  34476	   86ac	TP_systeme_actionneurs.elf
Finished building: default.size.stdout
 
17:35:48 **** Incremental Build of configuration Debug for project TP_systeme_actionneurs ****
make -j12 all 
arm-none-eabi-gcc "../Core/Src/main.c" -mcpu=cortex-m4 -std=gnu11 -g3 -DDEBUG -DUSE_HAL_DRIVER -DSTM32G474xx -c -I../Core/Inc -I../Drivers/STM32G4xx_HAL_Driver/Inc -I../Drivers/STM32G4xx_HAL_Driver/Inc/Legacy -I../Drivers/CMSIS/Device/ST/STM32G4xx/Include -I../Drivers/CMSIS/Include -O0 -ffunction-sections -fdata-sections -Wall -fstack-usage -MMD -MP -MF"Core/Src/main.d" -MT"Core/Src/main.o" --specs=nano.specs -mfpu=fpv4-sp-d16 -mfloat-abi=hard -mthumb -o "Core/Src/main.o"
../Core/Src/main.c: In function 'main':
../Core/Src/main.c:145:2: warning: implicit declaration of function 'memset' [-Wimplicit-function-declaration]
  145 |  memset(argv,NULL,MAX_ARGS*sizeof(char*));
      |  ^~~~~~
../Core/Src/main.c:145:2: warning: incompatible implicit declaration of built-in function 'memset'
../Core/Src/main.c:24:1: note: include '<string.h>' or provide a declaration of 'memset'
   23 | #include "gpio.h"
  +++ |+#include <string.h>
   24 | 
../Core/Src/main.c:145:14: warning: passing argument 2 of 'memset' makes integer from pointer without a cast [-Wint-conversion]
  145 |  memset(argv,NULL,MAX_ARGS*sizeof(char*));
      |              ^~~~
      |              |
      |              void *
../Core/Src/main.c:145:14: note: expected 'int' but argument is of type 'void *'
../Core/Src/main.c:146:19: warning: passing argument 2 of 'memset' makes integer from pointer without a cast [-Wint-conversion]
  146 |  memset(cmdBuffer,NULL,CMD_BUFFER_SIZE*sizeof(char));
      |                   ^~~~
      |                   |
      |                   void *
../Core/Src/main.c:146:19: note: expected 'int' but argument is of type 'void *'
../Core/Src/main.c:147:22: warning: passing argument 2 of 'memset' makes integer from pointer without a cast [-Wint-conversion]
  147 |  memset(uartRxBuffer,NULL,UART_RX_BUFFER_SIZE*sizeof(char));
      |                      ^~~~
      |                      |
      |                      void *
../Core/Src/main.c:147:22: note: expected 'int' but argument is of type 'void *'
../Core/Src/main.c:148:22: warning: passing argument 2 of 'memset' makes integer from pointer without a cast [-Wint-conversion]
  148 |  memset(uartTxBuffer,NULL,UART_TX_BUFFER_SIZE*sizeof(char));
      |                      ^~~~
      |                      |
      |                      void *
../Core/Src/main.c:148:22: note: expected 'int' but argument is of type 'void *'
../Core/Src/main.c:180:13: warning: implicit declaration of function 'strtok' [-Wimplicit-function-declaration]
  180 |     token = strtok(cmdBuffer, " ");
      |             ^~~~~~
../Core/Src/main.c:180:11: warning: assignment to 'char *' from 'int' makes pointer from integer without a cast [-Wint-conversion]
  180 |     token = strtok(cmdBuffer, " ");
      |           ^
../Core/Src/main.c:183:12: warning: assignment to 'char *' from 'int' makes pointer from integer without a cast [-Wint-conversion]
  183 |      token = strtok(NULL, " ");
      |            ^
../Core/Src/main.c:209:7: warning: implicit declaration of function 'strcmp' [-Wimplicit-function-declaration]
  209 |    if(strcmp(argv[0],"help")==0){
      |       ^~~~~~
../Core/Src/main.c:210:5: warning: implicit declaration of function 'sprintf' [-Wimplicit-function-declaration]
  210 |     sprintf(uartTxBuffer,commandList);
      |     ^~~~~~~
../Core/Src/main.c:210:5: warning: incompatible implicit declaration of built-in function 'sprintf'
../Core/Src/main.c:24:1: note: include '<stdio.h>' or provide a declaration of 'sprintf'
   23 | #include "gpio.h"
  +++ |+#include <stdio.h>
   24 | 
../Core/Src/main.c:210:13: warning: pointer targets in passing argument 1 of 'sprintf' differ in signedness [-Wpointer-sign]
  210 |     sprintf(uartTxBuffer,commandList);
      |             ^~~~~~~~~~~~
      |             |
      |             uint8_t * {aka unsigned char *}
../Core/Src/main.c:210:13: note: expected 'char *' but argument is of type 'uint8_t *' {aka 'unsigned char *'}
../Core/Src/main.c:210:26: warning: pointer targets in passing argument 2 of 'sprintf' differ in signedness [-Wpointer-sign]
  210 |     sprintf(uartTxBuffer,commandList);
      |                          ^~~~~~~~~~~
      |                          |
      |                          uint8_t * {aka unsigned char *}
../Core/Src/main.c:210:26: note: expected 'const char *' but argument is of type 'uint8_t *' {aka 'unsigned char *'}
../Core/Src/main.c:215:5: warning: incompatible implicit declaration of built-in function 'sprintf'
  215 |     sprintf(uartTxBuffer,pinList);
      |     ^~~~~~~
../Core/Src/main.c:215:5: note: include '<stdio.h>' or provide a declaration of 'sprintf'
../Core/Src/main.c:215:13: warning: pointer targets in passing argument 1 of 'sprintf' differ in signedness [-Wpointer-sign]
  215 |     sprintf(uartTxBuffer,pinList);
      |             ^~~~~~~~~~~~
      |             |
      |             uint8_t * {aka unsigned char *}
../Core/Src/main.c:215:13: note: expected 'char *' but argument is of type 'uint8_t *' {aka 'unsigned char *'}
../Core/Src/main.c:215:26: warning: pointer targets in passing argument 2 of 'sprintf' differ in signedness [-Wpointer-sign]
  215 |     sprintf(uartTxBuffer,pinList);
      |                          ^~~~~~~
      |                          |
      |                          uint8_t * {aka unsigned char *}
../Core/Src/main.c:215:26: note: expected 'const char *' but argument is of type 'uint8_t *' {aka 'unsigned char *'}
../Core/Src/main.c:222:48: warning: implicit declaration of function 'atoi' [-Wimplicit-function-declaration]
  222 |      HAL_GPIO_WritePin(LED_GPIO_Port, LED_Pin, atoi(argv[2]));
      |                                                ^~~~
../Core/Src/main.c:223:6: warning: incompatible implicit declaration of built-in function 'sprintf'
  223 |      sprintf(uartTxBuffer,"Switch on/off led : %d\r\n",atoi(argv[2]));
      |      ^~~~~~~
../Core/Src/main.c:223:6: note: include '<stdio.h>' or provide a declaration of 'sprintf'
../Core/Src/main.c:223:14: warning: pointer targets in passing argument 1 of 'sprintf' differ in signedness [-Wpointer-sign]
  223 |      sprintf(uartTxBuffer,"Switch on/off led : %d\r\n",atoi(argv[2]));
      |              ^~~~~~~~~~~~
      |              |
      |              uint8_t * {aka unsigned char *}
../Core/Src/main.c:223:14: note: expected 'char *' but argument is of type 'uint8_t *' {aka 'unsigned char *'}
../Core/Src/main.c:246:5: warning: incompatible implicit declaration of built-in function 'sprintf'
  246 |     sprintf(uartTxBuffer,"Power ON\r\n");
      |     ^~~~~~~
../Core/Src/main.c:246:5: note: include '<stdio.h>' or provide a declaration of 'sprintf'
../Core/Src/main.c:246:13: warning: pointer targets in passing argument 1 of 'sprintf' differ in signedness [-Wpointer-sign]
  246 |     sprintf(uartTxBuffer,"Power ON\r\n");
      |             ^~~~~~~~~~~~
      |             |
      |             uint8_t * {aka unsigned char *}
../Core/Src/main.c:246:13: note: expected 'char *' but argument is of type 'uint8_t *' {aka 'unsigned char *'}
../Core/Src/main.c:262:5: warning: incompatible implicit declaration of built-in function 'sprintf'
  262 |     sprintf(uartTxBuffer,"Power OFF\r\n");
      |     ^~~~~~~
../Core/Src/main.c:262:5: note: include '<stdio.h>' or provide a declaration of 'sprintf'
../Core/Src/main.c:262:13: warning: pointer targets in passing argument 1 of 'sprintf' differ in signedness [-Wpointer-sign]
  262 |     sprintf(uartTxBuffer,"Power OFF\r\n");
      |             ^~~~~~~~~~~~
      |             |
      |             uint8_t * {aka unsigned char *}
../Core/Src/main.c:262:13: note: expected 'char *' but argument is of type 'uint8_t *' {aka 'unsigned char *'}
../Core/Src/main.c:282:5: warning: incompatible implicit declaration of built-in function 'sprintf'
  282 |     sprintf(uartTxBuffer,"Setting the speed to %d\r\n",speedValue);
      |     ^~~~~~~
../Core/Src/main.c:282:5: note: include '<stdio.h>' or provide a declaration of 'sprintf'
../Core/Src/main.c:282:13: warning: pointer targets in passing argument 1 of 'sprintf' differ in signedness [-Wpointer-sign]
  282 |     sprintf(uartTxBuffer,"Setting the speed to %d\r\n",speedValue);
      |             ^~~~~~~~~~~~
      |             |
      |             uint8_t * {aka unsigned char *}
../Core/Src/main.c:282:13: note: expected 'char *' but argument is of type 'uint8_t *' {aka 'unsigned char *'}
arm-none-eabi-gcc -o "TP_systeme_actionneurs.elf" @"objects.list"   -mcpu=cortex-m4 -T"D:\Travail\ENSEA\Local_Github_rep\TP_Actionneur\TP_systeme_actionneurs\STM32G474RETX_FLASH.ld" --specs=nosys.specs -Wl,-Map="TP_systeme_actionneurs.map" -Wl,--gc-sections -static --specs=nano.specs -mfpu=fpv4-sp-d16 -mfloat-abi=hard -mthumb -Wl,--start-group -lc -lm -Wl,--end-group
Finished building target: TP_systeme_actionneurs.elf
 
arm-none-eabi-size   TP_systeme_actionneurs.elf 
arm-none-eabi-objdump -h -S  TP_systeme_actionneurs.elf  > "TP_systeme_actionneurs.list"
   text	   data	    bss	    dec	    hex	filename
  31784	    584	   2120	  34488	   86b8	TP_systeme_actionneurs.elf
Finished building: default.size.stdout
 
Finished building: TP_systeme_actionneurs.list
 
