17:35:48 **** Incremental Build of configuration Debug for project TP_systeme_actionneurs ****
make -j12 all 
arm-none-eabi-gcc "../Core/Src/main.c" -mcpu=cortex-m4 -std=gnu11 -g3 -DDEBUG -DUSE_HAL_DRIVER -DSTM32G474xx -c -I../Core/Inc -I../Drivers/STM32G4xx_HAL_Driver/Inc -I../Drivers/STM32G4xx_HAL_Driver/Inc/Legacy -I../Drivers/CMSIS/Device/ST/STM32G4xx/Include -I../Drivers/CMSIS/Include -O0 -ffunction-sections -fdata-sections -Wall -fstack-usage -MMD -MP -MF"Core/Src/main.d" -MT"Core/Src/main.o" --specs=nano.specs -mfpu=fpv4-sp-d16 -mfloat-abi=hard -mthumb -o "Core/Src/main.o"
../Core/Src/main.c: In function 'main':
../Core/Src/main.c:145:2: warning: implicit declaration of function 'memset' [-Wimplicit-function-declaration]
  145 |  memset(argv,NULL,MAX_ARGS*sizeof(char*));
      |  ^~~~~~
../Core/Src/main.c:145:2: warning: incompatible implicit declaration of built-in function 'memset'
../Core/Src/main.c:24:1: note: include '<string.h>' or provide a declaration of 'memset'
   23 | #include "gpio.h"
  +++ |+#include <string.h>
   24 | 
../Core/Src/main.c:145:14: warning: passing argument 2 of 'memset' makes integer from pointer without a cast [-Wint-conversion]
  145 |  memset(argv,NULL,MAX_ARGS*sizeof(char*));
      |              ^~~~
      |              |
      |              void *
../Core/Src/main.c:145:14: note: expected 'int' but argument is of type 'void *'
../Core/Src/main.c:146:19: warning: passing argument 2 of 'memset' makes integer from pointer without a cast [-Wint-conversion]
  146 |  memset(cmdBuffer,NULL,CMD_BUFFER_SIZE*sizeof(char));
      |                   ^~~~
      |                   |
      |                   void *
../Core/Src/main.c:146:19: note: expected 'int' but argument is of type 'void *'
../Core/Src/main.c:147:22: warning: passing argument 2 of 'memset' makes integer from pointer without a cast [-Wint-conversion]
  147 |  memset(uartRxBuffer,NULL,UART_RX_BUFFER_SIZE*sizeof(char));
      |                      ^~~~
      |                      |
      |                      void *
../Core/Src/main.c:147:22: note: expected 'int' but argument is of type 'void *'
../Core/Src/main.c:148:22: warning: passing argument 2 of 'memset' makes integer from pointer without a cast [-Wint-conversion]
  148 |  memset(uartTxBuffer,NULL,UART_TX_BUFFER_SIZE*sizeof(char));
      |                      ^~~~
      |                      |
      |                      void *
../Core/Src/main.c:148:22: note: expected 'int' but argument is of type 'void *'
../Core/Src/main.c:180:13: warning: implicit declaration of function 'strtok' [-Wimplicit-function-declaration]
  180 |     token = strtok(cmdBuffer, " ");
      |             ^~~~~~
../Core/Src/main.c:180:11: warning: assignment to 'char *' from 'int' makes pointer from integer without a cast [-Wint-conversion]
  180 |     token = strtok(cmdBuffer, " ");
      |           ^
../Core/Src/main.c:183:12: warning: assignment to 'char *' from 'int' makes pointer from integer without a cast [-Wint-conversion]
  183 |      token = strtok(NULL, " ");
      |            ^
../Core/Src/main.c:209:7: warning: implicit declaration of function 'strcmp' [-Wimplicit-function-declaration]
  209 |    if(strcmp(argv[0],"help")==0){
      |       ^~~~~~
../Core/Src/main.c:210:5: warning: implicit declaration of function 'sprintf' [-Wimplicit-function-declaration]
  210 |     sprintf(uartTxBuffer,commandList);
      |     ^~~~~~~
../Core/Src/main.c:210:5: warning: incompatible implicit declaration of built-in function 'sprintf'
../Core/Src/main.c:24:1: note: include '<stdio.h>' or provide a declaration of 'sprintf'
   23 | #include "gpio.h"
  +++ |+#include <stdio.h>
   24 | 
../Core/Src/main.c:210:13: warning: pointer targets in passing argument 1 of 'sprintf' differ in signedness [-Wpointer-sign]
  210 |     sprintf(uartTxBuffer,commandList);
      |             ^~~~~~~~~~~~
      |             |
      |             uint8_t * {aka unsigned char *}
../Core/Src/main.c:210:13: note: expected 'char *' but argument is of type 'uint8_t *' {aka 'unsigned char *'}
../Core/Src/main.c:210:26: warning: pointer targets in passing argument 2 of 'sprintf' differ in signedness [-Wpointer-sign]
  210 |     sprintf(uartTxBuffer,commandList);
      |                          ^~~~~~~~~~~
      |                          |
      |                          uint8_t * {aka unsigned char *}
../Core/Src/main.c:210:26: note: expected 'const char *' but argument is of type 'uint8_t *' {aka 'unsigned char *'}
../Core/Src/main.c:215:5: warning: incompatible implicit declaration of built-in function 'sprintf'
  215 |     sprintf(uartTxBuffer,pinList);
      |     ^~~~~~~
../Core/Src/main.c:215:5: note: include '<stdio.h>' or provide a declaration of 'sprintf'
../Core/Src/main.c:215:13: warning: pointer targets in passing argument 1 of 'sprintf' differ in signedness [-Wpointer-sign]
  215 |     sprintf(uartTxBuffer,pinList);
      |             ^~~~~~~~~~~~
      |             |
      |             uint8_t * {aka unsigned char *}
../Core/Src/main.c:215:13: note: expected 'char *' but argument is of type 'uint8_t *' {aka 'unsigned char *'}
../Core/Src/main.c:215:26: warning: pointer targets in passing argument 2 of 'sprintf' differ in signedness [-Wpointer-sign]
  215 |     sprintf(uartTxBuffer,pinList);
      |                          ^~~~~~~
      |                          |
      |                          uint8_t * {aka unsigned char *}
../Core/Src/main.c:215:26: note: expected 'const char *' but argument is of type 'uint8_t *' {aka 'unsigned char *'}
../Core/Src/main.c:222:48: warning: implicit declaration of function 'atoi' [-Wimplicit-function-declaration]
  222 |      HAL_GPIO_WritePin(LED_GPIO_Port, LED_Pin, atoi(argv[2]));
      |                                                ^~~~
../Core/Src/main.c:223:6: warning: incompatible implicit declaration of built-in function 'sprintf'
  223 |      sprintf(uartTxBuffer,"Switch on/off led : %d\r\n",atoi(argv[2]));
      |      ^~~~~~~
../Core/Src/main.c:223:6: note: include '<stdio.h>' or provide a declaration of 'sprintf'
../Core/Src/main.c:223:14: warning: pointer targets in passing argument 1 of 'sprintf' differ in signedness [-Wpointer-sign]
  223 |      sprintf(uartTxBuffer,"Switch on/off led : %d\r\n",atoi(argv[2]));
      |              ^~~~~~~~~~~~
      |              |
      |              uint8_t * {aka unsigned char *}
../Core/Src/main.c:223:14: note: expected 'char *' but argument is of type 'uint8_t *' {aka 'unsigned char *'}
../Core/Src/main.c:246:5: warning: incompatible implicit declaration of built-in function 'sprintf'
  246 |     sprintf(uartTxBuffer,"Power ON\r\n");
      |     ^~~~~~~
../Core/Src/main.c:246:5: note: include '<stdio.h>' or provide a declaration of 'sprintf'
../Core/Src/main.c:246:13: warning: pointer targets in passing argument 1 of 'sprintf' differ in signedness [-Wpointer-sign]
  246 |     sprintf(uartTxBuffer,"Power ON\r\n");
      |             ^~~~~~~~~~~~
      |             |
      |             uint8_t * {aka unsigned char *}
../Core/Src/main.c:246:13: note: expected 'char *' but argument is of type 'uint8_t *' {aka 'unsigned char *'}
../Core/Src/main.c:262:5: warning: incompatible implicit declaration of built-in function 'sprintf'
  262 |     sprintf(uartTxBuffer,"Power OFF\r\n");
      |     ^~~~~~~
../Core/Src/main.c:262:5: note: include '<stdio.h>' or provide a declaration of 'sprintf'
../Core/Src/main.c:262:13: warning: pointer targets in passing argument 1 of 'sprintf' differ in signedness [-Wpointer-sign]
  262 |     sprintf(uartTxBuffer,"Power OFF\r\n");
      |             ^~~~~~~~~~~~
      |             |
      |             uint8_t * {aka unsigned char *}
../Core/Src/main.c:262:13: note: expected 'char *' but argument is of type 'uint8_t *' {aka 'unsigned char *'}
../Core/Src/main.c:282:5: warning: incompatible implicit declaration of built-in function 'sprintf'
  282 |     sprintf(uartTxBuffer,"Setting the speed to %d\r\n",speedValue);
      |     ^~~~~~~
../Core/Src/main.c:282:5: note: include '<stdio.h>' or provide a declaration of 'sprintf'
../Core/Src/main.c:282:13: warning: pointer targets in passing argument 1 of 'sprintf' differ in signedness [-Wpointer-sign]
  282 |     sprintf(uartTxBuffer,"Setting the speed to %d\r\n",speedValue);
      |             ^~~~~~~~~~~~
      |             |
      |             uint8_t * {aka unsigned char *}
../Core/Src/main.c:282:13: note: expected 'char *' but argument is of type 'uint8_t *' {aka 'unsigned char *'}
arm-none-eabi-gcc -o "TP_systeme_actionneurs.elf" @"objects.list"   -mcpu=cortex-m4 -T"D:\Travail\ENSEA\Local_Github_rep\TP_Actionneur\TP_systeme_actionneurs\STM32G474RETX_FLASH.ld" --specs=nosys.specs -Wl,-Map="TP_systeme_actionneurs.map" -Wl,--gc-sections -static --specs=nano.specs -mfpu=fpv4-sp-d16 -mfloat-abi=hard -mthumb -Wl,--start-group -lc -lm -Wl,--end-group
Finished building target: TP_systeme_actionneurs.elf
 
arm-none-eabi-size   TP_systeme_actionneurs.elf 
arm-none-eabi-objdump -h -S  TP_systeme_actionneurs.elf  > "TP_systeme_actionneurs.list"
   text	   data	    bss	    dec	    hex	filename
  31784	    584	   2120	  34488	   86b8	TP_systeme_actionneurs.elf
Finished building: default.size.stdout
 
Finished building: TP_systeme_actionneurs.list
 

17:35:49 Build Finished. 0 errors, 26 warnings. (took 827ms)

