14:36:53 **** Incremental Build of configuration Debug for project TP_systeme_actionneurs ****
make -j12 all 
arm-none-eabi-gcc "../Core/Src/main.c" -mcpu=cortex-m4 -std=gnu11 -g3 -DDEBUG -DUSE_HAL_DRIVER -DSTM32G474xx -c -I../Core/Inc -I../Drivers/STM32G4xx_HAL_Driver/Inc -I../Drivers/STM32G4xx_HAL_Driver/Inc/Legacy -I../Drivers/CMSIS/Device/ST/STM32G4xx/Include -I../Drivers/CMSIS/Include -O0 -ffunction-sections -fdata-sections -Wall -fstack-usage -MMD -MP -MF"Core/Src/main.d" -MT"Core/Src/main.o" --specs=nano.specs -mfpu=fpv4-sp-d16 -mfloat-abi=hard -mthumb -o "Core/Src/main.o"
../Core/Src/main.c: In function 'main':
../Core/Src/main.c:125:3: warning: implicit declaration of function 'memset' [-Wimplicit-function-declaration]
  125 |   memset(argv,NULL,MAX_ARGS*sizeof(char*));
      |   ^~~~~~
../Core/Src/main.c:125:3: warning: incompatible implicit declaration of built-in function 'memset'
../Core/Src/main.c:24:1: note: include '<string.h>' or provide a declaration of 'memset'
   23 | #include "gpio.h"
  +++ |+#include <string.h>
   24 | 
../Core/Src/main.c:125:15: warning: passing argument 2 of 'memset' makes integer from pointer without a cast [-Wint-conversion]
  125 |   memset(argv,NULL,MAX_ARGS*sizeof(char*));
      |               ^~~~
      |               |
      |               void *
../Core/Src/main.c:125:15: note: expected 'int' but argument is of type 'void *'
../Core/Src/main.c:126:20: warning: passing argument 2 of 'memset' makes integer from pointer without a cast [-Wint-conversion]
  126 |   memset(cmdBuffer,NULL,CMD_BUFFER_SIZE*sizeof(char));
      |                    ^~~~
      |                    |
      |                    void *
../Core/Src/main.c:126:20: note: expected 'int' but argument is of type 'void *'
../Core/Src/main.c:127:23: warning: passing argument 2 of 'memset' makes integer from pointer without a cast [-Wint-conversion]
  127 |   memset(uartRxBuffer,NULL,UART_RX_BUFFER_SIZE*sizeof(char));
      |                       ^~~~
      |                       |
      |                       void *
../Core/Src/main.c:127:23: note: expected 'int' but argument is of type 'void *'
../Core/Src/main.c:128:23: warning: passing argument 2 of 'memset' makes integer from pointer without a cast [-Wint-conversion]
  128 |   memset(uartTxBuffer,NULL,UART_TX_BUFFER_SIZE*sizeof(char));
      |                       ^~~~
      |                       |
      |                       void *
../Core/Src/main.c:128:23: note: expected 'int' but argument is of type 'void *'
../Core/Src/main.c:160:13: warning: implicit declaration of function 'strtok' [-Wimplicit-function-declaration]
  160 |     token = strtok(cmdBuffer, " ");
      |             ^~~~~~
../Core/Src/main.c:160:11: warning: assignment to 'char *' from 'int' makes pointer from integer without a cast [-Wint-conversion]
  160 |     token = strtok(cmdBuffer, " ");
      |           ^
../Core/Src/main.c:163:12: warning: assignment to 'char *' from 'int' makes pointer from integer without a cast [-Wint-conversion]
  163 |      token = strtok(NULL, " ");
      |            ^
../Core/Src/main.c:187:7: warning: implicit declaration of function 'strcmp' [-Wimplicit-function-declaration]
  187 |    if(strcmp(argv[0],"set")==0){
      |       ^~~~~~
../Core/Src/main.c:189:48: warning: implicit declaration of function 'atoi' [-Wimplicit-function-declaration]
  189 |      HAL_GPIO_WritePin(LED_GPIO_Port, LED_Pin, atoi(argv[2]));
      |                                                ^~~~
../Core/Src/main.c:190:6: warning: implicit declaration of function 'sprintf' [-Wimplicit-function-declaration]
  190 |      sprintf(uartTxBuffer,"Switch on/off led : %d\r\n",atoi(argv[2]));
      |      ^~~~~~~
../Core/Src/main.c:190:6: warning: incompatible implicit declaration of built-in function 'sprintf'
../Core/Src/main.c:24:1: note: include '<stdio.h>' or provide a declaration of 'sprintf'
   23 | #include "gpio.h"
  +++ |+#include <stdio.h>
   24 | 
../Core/Src/main.c:190:14: warning: pointer targets in passing argument 1 of 'sprintf' differ in signedness [-Wpointer-sign]
  190 |      sprintf(uartTxBuffer,"Switch on/off led : %d\r\n",atoi(argv[2]));
      |              ^~~~~~~~~~~~
      |              |
      |              uint8_t * {aka unsigned char *}
../Core/Src/main.c:190:14: note: expected 'char *' but argument is of type 'uint8_t *' {aka 'unsigned char *'}
arm-none-eabi-gcc -o "TP_systeme_actionneurs.elf" @"objects.list"   -mcpu=cortex-m4 -T"D:\Travail\ENSEA\Local_Github_rep\TP_Actionneur\TP_systeme_actionneurs\STM32G474RETX_FLASH.ld" --specs=nosys.specs -Wl,-Map="TP_systeme_actionneurs.map" -Wl,--gc-sections -static --specs=nano.specs -mfpu=fpv4-sp-d16 -mfloat-abi=hard -mthumb -Wl,--start-group -lc -lm -Wl,--end-group
Finished building target: TP_systeme_actionneurs.elf
 
arm-none-eabi-size   TP_systeme_actionneurs.elf 
arm-none-eabi-objdump -h -S  TP_systeme_actionneurs.elf  > "TP_systeme_actionneurs.list"
   text	   data	    bss	    dec	    hex	filename
  30880	    272	   1880	  33032	   8108	TP_systeme_actionneurs.elf
Finished building: default.size.stdout
 
Finished building: TP_systeme_actionneurs.list
 

14:36:54 Build Finished. 0 errors, 14 warnings. (took 942ms)

